
● Webpack █████████████████████████  (0%)  
 

[2K[1A[2K[1A[2K[1A[2K[1A[2K[G
● Webpack █████████████████████████ building (10%) 0/13 entries 13/13 dependen
cies 0/13 modules 1 active 
 babel-loader › src/app.config.ts

[2K[1A[2K[1A[2K[1A[2K[1A[2K[1A[2K[G
● Webpack █████████████████████████ building (10%) 0/13 entries 23/41 dependen
cies 0/23 modules 14 active 
 taro-loader › src/app.tsx

[2K[1A[2K[1A[2K[1A[2K[1A[2K[1A[2K[G
● Webpack █████████████████████████ building (10%) 0/13 entries 76/133 depende
ncies 0/36 modules 30 active 
 ...pm/@babel+runtime@7.29.7/node_modules/@babel/runtime/helpers/esm/regenerat
or.js

[2K[1A[2K[1A[2K[1A[2K[1A[2K[1A[2K[1A[2K[G
● Webpack █████████████████████████ building (10%) 0/13 entries 97/133 depende
ncies 0/39 modules 37 active 
 ...-stage0-baseline/饭局/node_modules/.pnpm/react@18.3.1/node_modules/react/i
ndex.js

[2K[1A[2K[1A[2K[1A[2K[1A[2K[1A[2K[1A[2K[G
● Webpack █████████████████████████ building (10%) 0/13 entries 164/179 depend
encies 19/59 modules 40 active 
 ...abel+runtime@7.29.7/node_modules/@babel/runtime/helpers/esm/arrayLikeToArr
ay.js

[2K[1A[2K[1A[2K[1A[2K[1A[2K[1A[2K[1A[2K[G
● Webpack █████████████████████████ building (14%) 1/13 entries 172/223 depend
encies 26/61 modules 35 active 
 ...s/.pnpm/react@18.3.1/node_modules/react/cjs/react-jsx-runtime.production.m
in.js

[2K[1A[2K[1A[2K[1A[2K[1A[2K[1A[2K[1A[2K[G
● Webpack █████████████████████████ building (14%) 1/13 entries 339/412 depend
encies 40/104 modules 60 active 
 ...@babel+runtime@7.29.7/node_modules/@babel/runtime/helpers/esm/setPrototype
Of.js

[2K[1A[2K[1A[2K[1A[2K[1A[2K[1A[2K[1A[2K[G
● Webpack █████████████████████████ building (14%) 1/13 entries 394/434 depend
encies 47/118 modules 71 active 
 ...npm/react-reconciler@0.29.0_react@18.3.1/node_modules/react-reconciler/ind
ex.js

[2K[1A[2K[1A[2K[1A[2K[1A[2K[1A[2K[1A[2K[G
● Webpack █████████████████████████ building (14%) 1/13 entries 499/511 depend
encies 71/141 modules 70 active 
 .../@babel+runtime@7.29.7/node_modules/@babel/runtime/helpers/esm/superPropBa
se.js

[2K[1A[2K[1A[2K[1A[2K[1A[2K[1A[2K[1A[2K[G
● Webpack █████████████████████████ building (14%) 1/13 entries 532/539 depend
encies 84/152 modules 67 active 
 ...@tarojs+runtime@4.2.0_@tarojs+shared@4.2.0/node_modules/@tarojs/api/dist/e
nv.js

[2K[1A[2K[1A[2K[1A[2K[1A[2K[1A[2K[1A[2K[G
● Webpack █████████████████████████ sealing (70%) finish module graph 
 InnerGraphPlugin

[2K[1A[2K[1A[2K[1A[2K[1A[2K[G
● Webpack █████████████████████████ sealing (88%)  
 runtime requirements

[2K[1A[2K[1A[2K[1A[2K[1A[2K[G
● Webpack █████████████████████████ sealing (92%) asset processing 
 CssMinimizerPlugin

[2K[1A[2K[1A[2K[1A[2K[1A[2K[G
● Webpack █████████████████████████ sealing (92%) asset processing 
 RealContentHashPlugin

[2K[1A[2K[1A[2K[1A[2K[1A[2K[G
✔ Webpack
  Compiled successfully in 2.14s

