TAP version 13
# Subtest: preparation persists and serializes on owned PostgreSQL
    # Subtest: twenty concurrent claims produce one durable submitting attempt
    ok 1 - twenty concurrent claims produce one durable submitting attempt
      ---
      duration_ms: 150.710583
      type: 'test'
      ...
    # Subtest: prepayment save does not confirm money and stale failures cannot undo it
    ok 2 - prepayment save does not confirm money and stale failures cannot undo it
      ---
      duration_ms: 9.4865
      type: 'test'
      ...
    # Subtest: resume signs only persisted pending prepayment and rejects cancellation during query
    ok 3 - resume signs only persisted pending prepayment and rejects cancellation during query
      ---
      duration_ms: 63.195833
      type: 'test'
      ...
    # Subtest: unknown outcome cannot be claimed for another submission
    ok 4 - unknown outcome cannot be claimed for another submission
      ---
      duration_ms: 16.021167
      type: 'test'
      ...
    # Subtest: cancellation during channel query blocks prepayment send and retains recovery
    ok 5 - cancellation during channel query blocks prepayment send and retains recovery
      ---
      duration_ms: 17.509959
      type: 'test'
      ...
    # Subtest: wrong binding and inactive intents reject without writes
    ok 6 - wrong binding and inactive intents reject without writes
      ---
      duration_ms: 12.117666
      type: 'test'
      ...
    # Subtest: database constraint rejects prepared state without a reference
    ok 7 - database constraint rejects prepared state without a reference
      ---
      duration_ms: 5.100875
      type: 'test'
      ...
    # Subtest: runner persists submitting before network and prepay before returning
    ok 8 - runner persists submitting before network and prepay before returning
      ---
      duration_ms: 17.747542
      type: 'test'
      ...
    # Subtest: runner timeout leaves unknown and cannot resend
    ok 9 - runner timeout leaves unknown and cannot resend
      ---
      duration_ms: 15.930166
      type: 'test'
      ...
    # Subtest: authorization rejection rolls back before a durable claim
    ok 10 - authorization rejection rolls back before a durable claim
      ---
      duration_ms: 6.958042
      type: 'test'
      ...
    # Subtest: canceled registration and expired hold cannot prepare a payment
    ok 11 - canceled registration and expired hold cannot prepare a payment
      ---
      duration_ms: 14.749208
      type: 'test'
      ...
    # Subtest: verified notification triggers query once even for canceled intent and preserves conflict
    ok 12 - verified notification triggers query once even for canceled intent and preserves conflict
      ---
      duration_ms: 124.328
      type: 'test'
      ...
# {"level":30,"time":1790826461125,"pid":71861,"hostname":"Marvins-Mac-mini.local","msg":"Server listening at http://127.0.0.1:59860"}
# {"level":30,"time":1790826461129,"pid":71861,"hostname":"Marvins-Mac-mini.local","reqId":"req-1","req":{"method":"GET","url":"/ready","host":"127.0.0.1:59860","remoteAddress":"127.0.0.1","remotePort":59861},"msg":"incoming request"}
# {"level":30,"time":1790826461134,"pid":71861,"hostname":"Marvins-Mac-mini.local","reqId":"req-1","res":{"statusCode":503},"responseTime":5.258292198181152,"msg":"request completed"}
# {"level":30,"time":1790826461139,"pid":71861,"hostname":"Marvins-Mac-mini.local","reqId":"req-2","req":{"method":"GET","url":"/ready","host":"127.0.0.1:59860","remoteAddress":"127.0.0.1","remotePort":59861},"msg":"incoming request"}
# {"level":30,"time":1790826461142,"pid":71861,"hostname":"Marvins-Mac-mini.local","reqId":"req-2","res":{"statusCode":503},"responseTime":2.4154579639434814,"msg":"request completed"}
# {"level":30,"time":1790826461145,"pid":71861,"hostname":"Marvins-Mac-mini.local","reqId":"req-3","req":{"method":"GET","url":"/ready","host":"127.0.0.1:59860","remoteAddress":"127.0.0.1","remotePort":59861},"msg":"incoming request"}
# {"level":30,"time":1790826461147,"pid":71861,"hostname":"Marvins-Mac-mini.local","reqId":"req-3","res":{"statusCode":200},"responseTime":2.090250015258789,"msg":"request completed"}
# {"level":30,"time":1790826461151,"pid":71861,"hostname":"Marvins-Mac-mini.local","reqId":"req-4","req":{"method":"GET","url":"/ready","host":"127.0.0.1:59860","remoteAddress":"127.0.0.1","remotePort":59861},"msg":"incoming request"}
# {"level":30,"time":1790826461153,"pid":71861,"hostname":"Marvins-Mac-mini.local","reqId":"req-4","res":{"statusCode":503},"responseTime":2.0284581184387207,"msg":"request completed"}
# {"level":30,"time":1790826461157,"pid":71861,"hostname":"Marvins-Mac-mini.local","reqId":"req-5","req":{"method":"POST","url":"/api/wechat/pay/notify","host":"127.0.0.1:59860","remoteAddress":"127.0.0.1","remotePort":59861},"msg":"incoming request"}
# {"level":30,"time":1790826461158,"pid":71861,"hostname":"Marvins-Mac-mini.local","reqId":"req-5","res":{"statusCode":400},"responseTime":1.123999834060669,"msg":"request completed"}
# {"level":30,"time":1790826461162,"pid":71861,"hostname":"Marvins-Mac-mini.local","reqId":"req-6","req":{"method":"POST","url":"/api/wechat/pay/notify","host":"127.0.0.1:59860","remoteAddress":"127.0.0.1","remotePort":59861},"msg":"incoming request"}
# {"level":30,"time":1790826461171,"pid":71861,"hostname":"Marvins-Mac-mini.local","reqId":"req-6","res":{"statusCode":200},"responseTime":9.10841703414917,"msg":"request completed"}
# {"level":30,"time":1790826461172,"pid":71861,"hostname":"Marvins-Mac-mini.local","reqId":"req-7","req":{"method":"POST","url":"/api/wechat/pay/notify","host":"127.0.0.1:59860","remoteAddress":"127.0.0.1","remotePort":59862},"msg":"incoming request"}
# {"level":30,"time":1790826461179,"pid":71861,"hostname":"Marvins-Mac-mini.local","reqId":"req-7","res":{"statusCode":200},"responseTime":7.013708114624023,"msg":"request completed"}
# {"level":30,"time":1790826461190,"pid":71861,"hostname":"Marvins-Mac-mini.local","reqId":"req-8","req":{"method":"POST","url":"/api/wechat/refund/notify","host":"127.0.0.1:59860","remoteAddress":"127.0.0.1","remotePort":59861},"msg":"incoming request"}
# {"level":30,"time":1790826461204,"pid":71861,"hostname":"Marvins-Mac-mini.local","reqId":"req-8","res":{"statusCode":200},"responseTime":13.67045783996582,"msg":"request completed"}
# {"level":30,"time":1790826461207,"pid":71861,"hostname":"Marvins-Mac-mini.local","reqId":"req-9","req":{"method":"POST","url":"/api/wechat/refund/notify","host":"127.0.0.1:59860","remoteAddress":"127.0.0.1","remotePort":59862},"msg":"incoming request"}
# {"level":30,"time":1790826461211,"pid":71861,"hostname":"Marvins-Mac-mini.local","reqId":"req-9","res":{"statusCode":200},"responseTime":4.616457939147949,"msg":"request completed"}
# {"level":30,"time":1790826461215,"pid":71861,"hostname":"Marvins-Mac-mini.local","reqId":"req-a","req":{"method":"POST","url":"/api/wechat/refund/notify","host":"127.0.0.1:59860","remoteAddress":"127.0.0.1","remotePort":59861},"msg":"incoming request"}
# {"level":30,"time":1790826461222,"pid":71861,"hostname":"Marvins-Mac-mini.local","reqId":"req-a","res":{"statusCode":200},"responseTime":6.570959091186523,"msg":"request completed"}
    # Subtest: signed raw HTTP callback commits V11 trigger and query while tampering writes nothing
    ok 13 - signed raw HTTP callback commits V11 trigger and query while tampering writes nothing
      ---
      duration_ms: 198.921667
      type: 'test'
      ...
    # Subtest: late trusted payment query survives cancellation and concurrent duplicate intake
    ok 14 - late trusted payment query survives cancellation and concurrent duplicate intake
      ---
      duration_ms: 465.233583
      type: 'test'
      ...
    # Subtest: SIGKILL after synthetic refund send retains obligation and successor cannot resubmit
    ok 15 - SIGKILL after synthetic refund send retains obligation and successor cannot resubmit
      ---
      duration_ms: 411.333083
      type: 'test'
      ...
    # Subtest: expired lease cannot query and lease loss during query cannot persist
    ok 16 - expired lease cannot query and lease loss during query cannot persist
      ---
      duration_ms: 26.759125
      type: 'test'
      ...
    # Subtest: query handler persists success and escalates conflict under a live lease
    ok 17 - query handler persists success and escalates conflict under a live lease
      ---
      duration_ms: 79.075375
      type: 'test'
      ...
    # Subtest: recovery job identity conflict rolls back the submission claim
    ok 18 - recovery job identity conflict rolls back the submission claim
      ---
      duration_ms: 12.782583
      type: 'test'
      ...
    # Subtest: refund budget rejects invalid components and cross-receipt business key reuse
    ok 19 - refund budget rejects invalid components and cross-receipt business key reuse
      ---
      duration_ms: 42.646083
      type: 'test'
      ...
    1..19
ok 1 - preparation persists and serializes on owned PostgreSQL
  ---
  duration_ms: 1863.332584
  type: 'test'
  ...
1..1
# tests 20
# suites 0
# pass 20
# fail 0
# cancelled 0
# skipped 0
# todo 0
# duration_ms 2045.671417
