TAP version 13
# Subtest: verified bill snapshot detects both directions without granting financial state
    # Subtest: forged copied provenance and changed raw bytes fail before database writes
    ok 1 - forged copied provenance and changed raw bytes fail before database writes
      ---
      duration_ms: 4.74175
      type: 'test'
      ...
    # Subtest: concurrent replay persists one snapshot, evidence, cases and query-only jobs
    ok 2 - concurrent replay persists one snapshot, evidence, cases and query-only jobs
      ---
      duration_ms: 168.449334
      type: 'test'
      ...
    # Subtest: a run UUID cannot be reused for a changed owner or release
    ok 3 - a run UUID cannot be reused for a changed owner or release
      ---
      duration_ms: 14.72175
      type: 'test'
      ...
    # Subtest: signed but malformed summary has no partial intake or audit
    ok 4 - signed but malformed summary has no partial intake or audit
      ---
      duration_ms: 7.293167
      type: 'test'
      ...
    # Subtest: a newer empty bill detects local receipts instead of declaring zero differences
    ok 5 - a newer empty bill detects local receipts instead of declaring zero differences
      ---
      duration_ms: 42.326667
      type: 'test'
      ...
    # Subtest: a persisted evidence conflict rolls back all earlier event and job writes
    ok 6 - a persisted evidence conflict rolls back all earlier event and job writes
      ---
      duration_ms: 37.599917
      type: 'test'
      ...
    # Subtest: conflicting gross amounts remain independent evidence without overwriting money
    ok 7 - conflicting gross amounts remain independent evidence without overwriting money
      ---
      duration_ms: 57.815708
      type: 'test'
      ...
    # Subtest: new snapshot can observe resolution without automatically closing old cases
    ok 8 - new snapshot can observe resolution without automatically closing old cases
      ---
      duration_ms: 63.11675
      type: 'test'
      ...
    # Subtest: trusted completion time exposes local refunds absent from the selected bill
    ok 9 - trusted completion time exposes local refunds absent from the selected bill
      ---
      duration_ms: 195.449666
      type: 'test'
      ...
    # Subtest: requested range finds the missing day from actual committed audit ordinals without writes
    ok 10 - requested range finds the missing day from actual committed audit ordinals without writes
      ---
      duration_ms: 13.422667
      type: 'test'
      ...
    # Subtest: range inspection pages actual audit history and keeps late-page conflicts blocking
    ok 11 - range inspection pages actual audit history and keeps late-page conflicts blocking
      ---
      duration_ms: 127.950833
      type: 'test'
      ...
    # Subtest: daily recovery uses committed audit and rejects changed identity without downloads
    ok 12 - daily recovery uses committed audit and rejects changed identity without downloads
      ---
      duration_ms: 4.97675
      type: 'test'
      ...
    # Subtest: bounded range restart consumes committed daily snapshots without duplicate downloads
    ok 13 - bounded range restart consumes committed daily snapshots without duplicate downloads
      ---
      duration_ms: 34.109416
      type: 'test'
      ...
    # Subtest: shared core phases use the entire verified bill for reverse checks and reject forged contexts
    ok 14 - shared core phases use the entire verified bill for reverse checks and reject forged contexts
      ---
      duration_ms: 24.827375
      type: 'test'
      ...
    # Subtest: persistent snapshot pins identity and restores original facts after later channel records
    ok 15 - persistent snapshot pins identity and restores original facts after later channel records
      ---
      duration_ms: 429.35325
      type: 'test'
      ...
    # Subtest: checkpoint commit is idempotent, immutable and verifies case/event/query evidence
    ok 16 - checkpoint commit is idempotent, immutable and verifies case/event/query evidence
      ---
      duration_ms: 529.922667
      type: 'test'
      ...
    # Subtest: checkpoint insert failure rolls back page observations, cases and durable queries
    ok 17 - checkpoint insert failure rolls back page observations, cases and durable queries
      ---
      duration_ms: 39.151334
      type: 'test'
      ...
    # Subtest: range task pins scope and persists failed dates across retries
    ok 18 - range task pins scope and persists failed dates across retries
      ---
      duration_ms: 20.022667
      type: 'test'
      ...
    1..18
ok 1 - verified bill snapshot detects both directions without granting financial state
  ---
  duration_ms: 1974.572791
  type: 'test'
  ...
1..1
# tests 19
# suites 0
# pass 19
# fail 0
# cancelled 0
# skipped 0
# todo 0
# duration_ms 2098.533666
