TAP version 13
# Subtest: complete preparation SQL migrates the prior intent table and preserves mock rows
ok 1 - complete preparation SQL migrates the prior intent table and preserves mock rows
  ---
  duration_ms: 135.208375
  type: 'test'
  ...
# Subtest: preparation persists and serializes on owned PostgreSQL
    # Subtest: twenty concurrent claims produce one durable submitting attempt
    ok 1 - twenty concurrent claims produce one durable submitting attempt
      ---
      duration_ms: 47.123167
      type: 'test'
      ...
    # Subtest: prepayment save does not confirm money and stale failures cannot undo it
    ok 2 - prepayment save does not confirm money and stale failures cannot undo it
      ---
      duration_ms: 9.725458
      type: 'test'
      ...
    # Subtest: unknown outcome cannot be claimed for another submission
    ok 3 - unknown outcome cannot be claimed for another submission
      ---
      duration_ms: 15.7865
      type: 'test'
      ...
    # Subtest: wrong binding and inactive intents reject without writes
    ok 4 - wrong binding and inactive intents reject without writes
      ---
      duration_ms: 12.016334
      type: 'test'
      ...
    # Subtest: database constraint rejects prepared state without a reference
    ok 5 - database constraint rejects prepared state without a reference
      ---
      duration_ms: 8.369083
      type: 'test'
      ...
    # Subtest: runner persists submitting before network and prepay before returning
    ok 6 - runner persists submitting before network and prepay before returning
      ---
      duration_ms: 15.54175
      type: 'test'
      ...
    # Subtest: runner timeout leaves unknown and cannot resend
    ok 7 - runner timeout leaves unknown and cannot resend
      ---
      duration_ms: 9.352333
      type: 'test'
      ...
    1..7
ok 2 - preparation persists and serializes on owned PostgreSQL
  ---
  duration_ms: 295.213958
  type: 'test'
  ...
1..2
# tests 9
# suites 0
# pass 9
# fail 0
# cancelled 0
# skipped 0
# todo 0
# duration_ms 612.682208
