
● Webpack █████████████████████████  (0%)  
 

[2K[1A[2K[1A[2K[1A[2K[1A[2K[G
● Webpack █████████████████████████ building (10%) 0/12 entries 12/12 dependen
cies 0/12 modules 9 active 
 babel-loader › src/pages/inbox/index.tsx

[2K[1A[2K[1A[2K[1A[2K[1A[2K[1A[2K[G
● Webpack █████████████████████████ building (14%) 1/12 entries 12/12 dependen
cies 1/12 modules 11 active 
 ...jy4l4xlktq/node_modules/@tarojs/webpack5-runner/dist/template/custom-wrapp
er.js

[2K[1A[2K[1A[2K[1A[2K[1A[2K[1A[2K[1A[2K[G
● Webpack █████████████████████████ building (14%) 1/12 entries 62/118 depende
ncies 1/30 modules 29 active 
 ...t@18.3.31_html-we_vt4ev3lwzz5ylk3g7z2nyanff4/node_modules/@tarojs/taro/ind
ex.js

[2K[1A[2K[1A[2K[1A[2K[1A[2K[1A[2K[1A[2K[G
● Webpack █████████████████████████ building (14%) 1/12 entries 73/118 depende
ncies 1/33 modules 30 active 
 ...@tarojs+shared@4.2.0/node_modules/@tarojs/plugin-platform-weapp/dist/runti
me.js

[2K[1A[2K[1A[2K[1A[2K[1A[2K[1A[2K[1A[2K[G
● Webpack █████████████████████████ building (14%) 1/12 entries 130/135 depend
encies 2/44 modules 36 active 
 ...pm/@babel+runtime@7.29.7/node_modules/@babel/runtime/helpers/esm/regenerat
or.js

[2K[1A[2K[1A[2K[1A[2K[1A[2K[1A[2K[1A[2K[G
● Webpack █████████████████████████ building (14%) 1/12 entries 133/146 depend
encies 4/47 modules 42 active 
 ...s/.pnpm/react@18.3.1/node_modules/react/cjs/react-jsx-runtime.production.m
in.js

[2K[1A[2K[1A[2K[1A[2K[1A[2K[1A[2K[1A[2K[G
● Webpack █████████████████████████ building (14%) 1/12 entries 324/396 depend
encies 39/102 modules 59 active 
 ...@tarojs+runtime@4.2.0/node_modules/@tarojs/runtime/dist/dom-external/eleme
nt.js

[2K[1A[2K[1A[2K[1A[2K[1A[2K[1A[2K[1A[2K[G
● Webpack █████████████████████████ building (14%) 1/12 entries 383/424 depend
encies 47/119 modules 70 active 
 ...ime@7.29.7/node_modules/@babel/runtime/helpers/esm/createForOfIteratorHelp
er.js

[2K[1A[2K[1A[2K[1A[2K[1A[2K[1A[2K[1A[2K[G
● Webpack █████████████████████████ building (14%) 1/12 entries 482/482 depend
encies 67/139 modules 72 active 
 .../@babel+runtime@7.29.7/node_modules/@babel/runtime/helpers/esm/superPropBa
se.js

[2K[1A[2K[1A[2K[1A[2K[1A[2K[1A[2K[1A[2K[G
● Webpack █████████████████████████ building (14%) 1/12 entries 496/501 depend
encies 78/150 modules 71 active 
 ...arojs+runtime@4.2.0_@tarojs+shared@4.2.0/node_modules/@tarojs/api/dist/too
ls.js

[2K[1A[2K[1A[2K[1A[2K[1A[2K[1A[2K[1A[2K[G
● Webpack █████████████████████████ building (60%) 11/12 entries 540/540 depen
dencies 154/158 modules 4 active 
 css-loader › postcss-loader › src/app.css|0|||}}

[2K[1A[2K[1A[2K[1A[2K[1A[2K[1A[2K[G
● Webpack █████████████████████████ sealing (88%)  
 runtime requirements

[2K[1A[2K[1A[2K[1A[2K[1A[2K[G
● Webpack █████████████████████████ sealing (92%) asset processing 
 CssMinimizerPlugin

[2K[1A[2K[1A[2K[1A[2K[1A[2K[G
● Webpack █████████████████████████ sealing (92%) asset processing 
 RealContentHashPlugin

[2K[1A[2K[1A[2K[1A[2K[1A[2K[G
✔ Webpack
  Compiled successfully in 2.01s

