
● Webpack █████████████████████████  (0%)  
 

[2K[1A[2K[1A[2K[1A[2K[1A[2K[G
● Webpack █████████████████████████ building (10%) 0/12 entries 12/12 dependen
cies 0/12 modules 1 active 
 babel-loader › src/app.config.ts

[2K[1A[2K[1A[2K[1A[2K[1A[2K[1A[2K[G
● Webpack █████████████████████████ building (10%) 0/12 entries 21/38 dependen
cies 0/21 modules 13 active 
 taro-loader › src/app.tsx

[2K[1A[2K[1A[2K[1A[2K[1A[2K[1A[2K[G
● Webpack █████████████████████████ building (10%) 0/12 entries 87/120 depende
ncies 0/37 modules 36 active 
 ...-stage0-baseline/饭局/node_modules/.pnpm/react@18.3.1/node_modules/react/i
ndex.js

[2K[1A[2K[1A[2K[1A[2K[1A[2K[1A[2K[1A[2K[G
● Webpack █████████████████████████ building (10%) 0/12 entries 149/165 depend
encies 19/56 modules 37 active 
 ...abel+runtime@7.29.7/node_modules/@babel/runtime/helpers/esm/arrayLikeToArr
ay.js

[2K[1A[2K[1A[2K[1A[2K[1A[2K[1A[2K[1A[2K[G
● Webpack █████████████████████████ building (14%) 1/12 entries 328/398 depend
encies 40/101 modules 58 active 
 ...@tarojs+runtime@4.2.0/node_modules/@tarojs/runtime/dist/dom-external/eleme
nt.js

[2K[1A[2K[1A[2K[1A[2K[1A[2K[1A[2K[1A[2K[G
● Webpack █████████████████████████ building (14%) 1/12 entries 385/422 depend
encies 46/120 modules 70 active 
 ...npm/react-reconciler@0.29.0_react@18.3.1/node_modules/react-reconciler/ind
ex.js

[2K[1A[2K[1A[2K[1A[2K[1A[2K[1A[2K[1A[2K[G
● Webpack █████████████████████████ building (14%) 1/12 entries 486/497 depend
encies 72/139 modules 67 active 
 ...act@18.3.1/node_modules/react-reconciler/cjs/react-reconciler.production.m
in.js

[2K[1A[2K[1A[2K[1A[2K[1A[2K[1A[2K[1A[2K[G
● Webpack █████████████████████████ building (23%) 3/12 entries 528/531 depend
encies 123/153 modules 30 active 
 ...e@4.2.0_@tarojs+shared@4.2.0/node_modules/@tarojs/api/dist/interceptor/cha
in.js

[2K[1A[2K[1A[2K[1A[2K[1A[2K[1A[2K[1A[2K[G
● Webpack █████████████████████████ sealing (73%)  
 after chunk graph

[2K[1A[2K[1A[2K[1A[2K[1A[2K[G
● Webpack █████████████████████████ sealing (88%)  
 runtime requirements

[2K[1A[2K[1A[2K[1A[2K[1A[2K[G
● Webpack █████████████████████████ sealing (92%) asset processing 
 CssMinimizerPlugin

[2K[1A[2K[1A[2K[1A[2K[1A[2K[G
● Webpack █████████████████████████ sealing (92%) asset processing 
 RealContentHashPlugin

[2K[1A[2K[1A[2K[1A[2K[1A[2K[G
✔ Webpack
  Compiled successfully in 1.98s

