TAP version 13
# Subtest: preparation persists and serializes on owned PostgreSQL
    # Subtest: twenty concurrent claims produce one durable submitting attempt
    ok 1 - twenty concurrent claims produce one durable submitting attempt
      ---
      duration_ms: 148.535208
      type: 'test'
      ...
    # Subtest: prepayment save does not confirm money and stale failures cannot undo it
    ok 2 - prepayment save does not confirm money and stale failures cannot undo it
      ---
      duration_ms: 10.286375
      type: 'test'
      ...
    # Subtest: resume signs only persisted pending prepayment and rejects cancellation during query
    ok 3 - resume signs only persisted pending prepayment and rejects cancellation during query
      ---
      duration_ms: 62.152209
      type: 'test'
      ...
    # Subtest: unknown outcome cannot be claimed for another submission
    ok 4 - unknown outcome cannot be claimed for another submission
      ---
      duration_ms: 15.066459
      type: 'test'
      ...
    # Subtest: cancellation during channel query blocks prepayment send and retains recovery
    ok 5 - cancellation during channel query blocks prepayment send and retains recovery
      ---
      duration_ms: 16.745875
      type: 'test'
      ...
    # Subtest: wrong binding and inactive intents reject without writes
    ok 6 - wrong binding and inactive intents reject without writes
      ---
      duration_ms: 11.935375
      type: 'test'
      ...
    # Subtest: database constraint rejects prepared state without a reference
    ok 7 - database constraint rejects prepared state without a reference
      ---
      duration_ms: 5.421917
      type: 'test'
      ...
    # Subtest: runner persists submitting before network and prepay before returning
    ok 8 - runner persists submitting before network and prepay before returning
      ---
      duration_ms: 18.732542
      type: 'test'
      ...
    # Subtest: runner timeout leaves unknown and cannot resend
    ok 9 - runner timeout leaves unknown and cannot resend
      ---
      duration_ms: 15.106625
      type: 'test'
      ...
    # Subtest: authorization rejection rolls back before a durable claim
    ok 10 - authorization rejection rolls back before a durable claim
      ---
      duration_ms: 6.927916
      type: 'test'
      ...
    # Subtest: canceled registration and expired hold cannot prepare a payment
    ok 11 - canceled registration and expired hold cannot prepare a payment
      ---
      duration_ms: 12.816458
      type: 'test'
      ...
    # Subtest: verified notification triggers query once even for canceled intent and preserves conflict
    ok 12 - verified notification triggers query once even for canceled intent and preserves conflict
      ---
      duration_ms: 126.258833
      type: 'test'
      ...
    # Subtest: late trusted payment query survives cancellation and concurrent duplicate intake
    ok 13 - late trusted payment query survives cancellation and concurrent duplicate intake
      ---
      duration_ms: 417.477792
      type: 'test'
      ...
    # Subtest: expired lease cannot query and lease loss during query cannot persist
    ok 14 - expired lease cannot query and lease loss during query cannot persist
      ---
      duration_ms: 9.741792
      type: 'test'
      ...
    # Subtest: query handler persists success and escalates conflict under a live lease
    ok 15 - query handler persists success and escalates conflict under a live lease
      ---
      duration_ms: 45.934333
      type: 'test'
      ...
    # Subtest: recovery job identity conflict rolls back the submission claim
    ok 16 - recovery job identity conflict rolls back the submission claim
      ---
      duration_ms: 7.842875
      type: 'test'
      ...
    # Subtest: refund budget rejects invalid components and cross-receipt business key reuse
    ok 17 - refund budget rejects invalid components and cross-receipt business key reuse
      ---
      duration_ms: 30.970792
      type: 'test'
      ...
    1..17
ok 1 - preparation persists and serializes on owned PostgreSQL
  ---
  duration_ms: 1145.234458
  type: 'test'
  ...
1..1
# tests 18
# suites 0
# pass 18
# fail 0
# cancelled 0
# skipped 0
# todo 0
# duration_ms 1276.937458
