TAP version 13
# Subtest: preparation persists and serializes on owned PostgreSQL
    # Subtest: twenty concurrent claims produce one durable submitting attempt
    ok 1 - twenty concurrent claims produce one durable submitting attempt
      ---
      duration_ms: 151.926667
      type: 'test'
      ...
    # Subtest: prepayment save does not confirm money and stale failures cannot undo it
    ok 2 - prepayment save does not confirm money and stale failures cannot undo it
      ---
      duration_ms: 10.55625
      type: 'test'
      ...
    # Subtest: resume signs only persisted pending prepayment and rejects cancellation during query
    ok 3 - resume signs only persisted pending prepayment and rejects cancellation during query
      ---
      duration_ms: 63.793625
      type: 'test'
      ...
    # Subtest: unknown outcome cannot be claimed for another submission
    ok 4 - unknown outcome cannot be claimed for another submission
      ---
      duration_ms: 15.34125
      type: 'test'
      ...
    # Subtest: cancellation during channel query blocks prepayment send and retains recovery
    ok 5 - cancellation during channel query blocks prepayment send and retains recovery
      ---
      duration_ms: 16.227458
      type: 'test'
      ...
    # Subtest: wrong binding and inactive intents reject without writes
    ok 6 - wrong binding and inactive intents reject without writes
      ---
      duration_ms: 13.12875
      type: 'test'
      ...
    # Subtest: database constraint rejects prepared state without a reference
    ok 7 - database constraint rejects prepared state without a reference
      ---
      duration_ms: 5.841625
      type: 'test'
      ...
    # Subtest: runner persists submitting before network and prepay before returning
    ok 8 - runner persists submitting before network and prepay before returning
      ---
      duration_ms: 21.734875
      type: 'test'
      ...
    # Subtest: runner timeout leaves unknown and cannot resend
    ok 9 - runner timeout leaves unknown and cannot resend
      ---
      duration_ms: 23.329333
      type: 'test'
      ...
    # Subtest: authorization rejection rolls back before a durable claim
    ok 10 - authorization rejection rolls back before a durable claim
      ---
      duration_ms: 8.677208
      type: 'test'
      ...
    # Subtest: canceled registration and expired hold cannot prepare a payment
    ok 11 - canceled registration and expired hold cannot prepare a payment
      ---
      duration_ms: 17.167667
      type: 'test'
      ...
    # Subtest: late trusted payment query survives cancellation and concurrent duplicate intake
    ok 12 - late trusted payment query survives cancellation and concurrent duplicate intake
      ---
      duration_ms: 497.28625
      type: 'test'
      ...
    # Subtest: expired lease cannot query and lease loss during query cannot persist
    ok 13 - expired lease cannot query and lease loss during query cannot persist
      ---
      duration_ms: 10.81725
      type: 'test'
      ...
    # Subtest: query handler persists success and escalates conflict under a live lease
    ok 14 - query handler persists success and escalates conflict under a live lease
      ---
      duration_ms: 42.740084
      type: 'test'
      ...
    # Subtest: recovery job identity conflict rolls back the submission claim
    ok 15 - recovery job identity conflict rolls back the submission claim
      ---
      duration_ms: 8.675333
      type: 'test'
      ...
    # Subtest: refund budget rejects invalid components and cross-receipt business key reuse
    ok 16 - refund budget rejects invalid components and cross-receipt business key reuse
      ---
      duration_ms: 34.075667
      type: 'test'
      ...
    1..16
ok 1 - preparation persists and serializes on owned PostgreSQL
  ---
  duration_ms: 1126.40225
  type: 'test'
  ...
1..1
# tests 17
# suites 0
# pass 17
# fail 0
# cancelled 0
# skipped 0
# todo 0
# duration_ms 1258.300375
