
● Webpack █████████████████████████  (0%)  
 

[2K[1A[2K[1A[2K[1A[2K[1A[2K[G
● Webpack █████████████████████████ building (10%) 0/12 entries 12/12 dependen
cies 0/12 modules 1 active 
 babel-loader › src/app.config.ts

[2K[1A[2K[1A[2K[1A[2K[1A[2K[1A[2K[G
● Webpack █████████████████████████ building (10%) 0/12 entries 21/38 dependen
cies 0/21 modules 13 active 
 taro-loader › src/app.tsx

[2K[1A[2K[1A[2K[1A[2K[1A[2K[1A[2K[G
● Webpack █████████████████████████ building (10%)  
 ....96_esbuild@_x7kzigfqbs57njkoepaeoxy3su/node_modules/postcss-loader/dist/c
js.js

[2K[1A[2K[1A[2K[1A[2K[1A[2K[1A[2K[G
● Webpack █████████████████████████ building (10%) 0/12 entries 91/124 depende
ncies 0/39 modules 38 active 
 ...-stage0-baseline/饭局/node_modules/.pnpm/react@18.3.1/node_modules/react/i
ndex.js

[2K[1A[2K[1A[2K[1A[2K[1A[2K[1A[2K[1A[2K[G
● Webpack █████████████████████████ building (10%) 0/12 entries 168/186 depend
encies 18/57 modules 39 active 
 ...+runtime@7.29.7/node_modules/@babel/runtime/helpers/esm/iterableToArrayLim
it.js

[2K[1A[2K[1A[2K[1A[2K[1A[2K[1A[2K[1A[2K[G
● Webpack █████████████████████████ building (14%) 1/12 entries 332/419 depend
encies 37/103 modules 63 active 
 ...@tarojs+runtime@4.2.0/node_modules/@tarojs/runtime/dist/dom-external/eleme
nt.js

[2K[1A[2K[1A[2K[1A[2K[1A[2K[1A[2K[1A[2K[G
● Webpack █████████████████████████ building (14%) 1/12 entries 402/441 depend
encies 43/119 modules 76 active 
 ...ime@7.29.7/node_modules/@babel/runtime/helpers/esm/createForOfIteratorHelp
er.js

[2K[1A[2K[1A[2K[1A[2K[1A[2K[1A[2K[1A[2K[G
● Webpack █████████████████████████ building (14%) 1/12 entries 501/512 depend
encies 64/141 modules 77 active 
 .../@babel+runtime@7.29.7/node_modules/@babel/runtime/helpers/esm/superPropBa
se.js

[2K[1A[2K[1A[2K[1A[2K[1A[2K[1A[2K[1A[2K[G
● Webpack █████████████████████████ building (14%) 1/12 entries 533/543 depend
encies 83/152 modules 67 active 
 ...de_modules/.pnpm/@tarojs+shared@4.2.0/node_modules/@tarojs/shared/dist/uti
ls.js

[2K[1A[2K[1A[2K[1A[2K[1A[2K[1A[2K[1A[2K[G
● Webpack █████████████████████████ building (60%) 11/12 entries 563/563 depen
dencies 156/160 modules 4 active 
 css-loader › postcss-loader › src/app.css|0|||}}

[2K[1A[2K[1A[2K[1A[2K[1A[2K[1A[2K[G
● Webpack █████████████████████████ sealing (88%)  
 runtime requirements

[2K[1A[2K[1A[2K[1A[2K[1A[2K[G
● Webpack █████████████████████████ sealing (92%) asset processing 
 CssMinimizerPlugin

[2K[1A[2K[1A[2K[1A[2K[1A[2K[G
● Webpack █████████████████████████ sealing (92%) asset processing 
 RealContentHashPlugin

[2K[1A[2K[1A[2K[1A[2K[1A[2K[G
✔ Webpack
  Compiled successfully in 2.17s

