[90mstderr[2m | tests/ui/miniapp-prelaunch.test.tsx[2m > [22m[2msynthetic native component user journeys[2m > [22m[2mkeeps orders usable when the independent inbox fails
[22m[39mWarning: `ReactDOMTestUtils.act` is deprecated in favor of `React.act`. Import `act` from `react` instead of `react-dom/test-utils`. See https://react.dev/warnings/react-dom-test-utils for more info.
Warning: The current testing environment is not configured to support act(...)

[90mstderr[2m | tests/ui/miniapp-prelaunch.test.tsx[2m > [22m[2msynthetic native component user journeys[2m > [22m[2mkeeps orders usable when the independent inbox fails
[22m[39mWarning: Invalid DOM property `maxlength`. Did you mean `maxLength`?
    at input
    at /private/tmp/fanju-prelaunch-20261001-b48140fda0c1/source-reproduction-2026-10-01T01-39-27-139Z-build/build/tests/ui/miniapp-prelaunch.test.tsx:32:11
    at div
    at /private/tmp/fanju-prelaunch-20261001-b48140fda0c1/source-reproduction-2026-10-01T01-39-27-139Z-build/build/tests/ui/miniapp-prelaunch.test.tsx:32:11
    at div
    at /private/tmp/fanju-prelaunch-20261001-b48140fda0c1/source-reproduction-2026-10-01T01-39-27-139Z-build/build/tests/ui/miniapp-prelaunch.test.tsx:32:11
    at Workspace (/private/tmp/fanju-prelaunch-20261001-b48140fda0c1/source-reproduction-2026-10-01T01-39-27-139Z-build/build/apps/miniapp/src/pages/prelaunch/index.tsx:35:66)
    at PrelaunchPage

[90mstderr[2m | tests/ui/miniapp-prelaunch.test.tsx[2m > [22m[2msynthetic native component user journeys[2m > [22m[2mkeeps orders usable when the independent inbox fails
[22m[39mWarning: The current testing environment is not configured to support act(...)
Warning: The current testing environment is not configured to support act(...)
Warning: The current testing environment is not configured to support act(...)
Warning: The current testing environment is not configured to support act(...)
Warning: The current testing environment is not configured to support act(...)
Warning: The current testing environment is not configured to support act(...)
Warning: The current testing environment is not configured to support act(...)
Warning: The current testing environment is not configured to support act(...)
Warning: The current testing environment is not configured to support act(...)

[90mstderr[2m | tests/ui/miniapp-prelaunch.test.tsx[2m > [22m[2msynthetic native component user journeys[2m > [22m[2mkeeps orders usable when the independent inbox fails
[22m[39mWarning: The current testing environment is not configured to support act(...)

[90mstderr[2m | tests/ui/miniapp-prelaunch.test.tsx[2m > [22m[2msynthetic native component user journeys[2m > [22m[2msends strict change rejection without substituting ordinary cancellation
[22m[39mWarning: The current testing environment is not configured to support act(...)

[90mstderr[2m | tests/ui/miniapp-prelaunch.test.tsx[2m > [22m[2msynthetic native component user journeys[2m > [22m[2msends strict change rejection without substituting ordinary cancellation
[22m[39mWarning: The current testing environment is not configured to support act(...)
Warning: The current testing environment is not configured to support act(...)
Warning: The current testing environment is not configured to support act(...)
Warning: The current testing environment is not configured to support act(...)
Warning: The current testing environment is not configured to support act(...)
Warning: The current testing environment is not configured to support act(...)
Warning: The current testing environment is not configured to support act(...)
Warning: The current testing environment is not configured to support act(...)
Warning: The current testing environment is not configured to support act(...)

[90mstderr[2m | tests/ui/miniapp-prelaunch.test.tsx[2m > [22m[2msynthetic native component user journeys[2m > [22m[2msends strict change rejection without substituting ordinary cancellation
[22m[39mWarning: The current testing environment is not configured to support act(...)
Warning: The current testing environment is not configured to support act(...)
Warning: The current testing environment is not configured to support act(...)

[90mstderr[2m | tests/ui/miniapp-prelaunch.test.tsx[2m > [22m[2msynthetic native component user journeys[2m > [22m[2msends strict change rejection without substituting ordinary cancellation
[22m[39mWarning: The current testing environment is not configured to support act(...)
Warning: The current testing environment is not configured to support act(...)

[90mstderr[2m | tests/ui/miniapp-prelaunch.test.tsx[2m > [22m[2msynthetic native component user journeys[2m > [22m[2msends strict change rejection without substituting ordinary cancellation
[22m[39mWarning: The current testing environment is not configured to support act(...)
Warning: The current testing environment is not configured to support act(...)
Warning: The current testing environment is not configured to support act(...)
Warning: The current testing environment is not configured to support act(...)
Warning: The current testing environment is not configured to support act(...)
Warning: The current testing environment is not configured to support act(...)
Warning: The current testing environment is not configured to support act(...)
Warning: The current testing environment is not configured to support act(...)
Warning: The current testing environment is not configured to support act(...)

[90mstderr[2m | tests/ui/miniapp-prelaunch.test.tsx[2m > [22m[2msynthetic native component user journeys[2m > [22m[2msends strict change rejection without substituting ordinary cancellation
[22m[39mWarning: The current testing environment is not configured to support act(...)
Warning: The current testing environment is not configured to support act(...)

[90mstderr[2m | tests/ui/miniapp-prelaunch.test.tsx[2m > [22m[2msynthetic native component user journeys[2m > [22m[2msends strict change rejection without substituting ordinary cancellation
[22m[39mWarning: The current testing environment is not configured to support act(...)

[90mstderr[2m | tests/ui/miniapp-prelaunch.test.tsx[2m > [22m[2msynthetic native component user journeys[2m > [22m[2mshows component refund UNKNOWN instead of claiming arrival
[22m[39mWarning: The current testing environment is not configured to support act(...)

[90mstderr[2m | tests/ui/miniapp-prelaunch.test.tsx[2m > [22m[2msynthetic native component user journeys[2m > [22m[2mshows component refund UNKNOWN instead of claiming arrival
[22m[39mWarning: The current testing environment is not configured to support act(...)
Warning: The current testing environment is not configured to support act(...)
Warning: The current testing environment is not configured to support act(...)
Warning: The current testing environment is not configured to support act(...)
Warning: The current testing environment is not configured to support act(...)
Warning: The current testing environment is not configured to support act(...)
Warning: The current testing environment is not configured to support act(...)
Warning: The current testing environment is not configured to support act(...)
Warning: The current testing environment is not configured to support act(...)

[90mstderr[2m | tests/ui/miniapp-prelaunch.test.tsx[2m > [22m[2msynthetic native component user journeys[2m > [22m[2mshows component refund UNKNOWN instead of claiming arrival
[22m[39mWarning: The current testing environment is not configured to support act(...)
Warning: The current testing environment is not configured to support act(...)
Warning: The current testing environment is not configured to support act(...)
Warning: The current testing environment is not configured to support act(...)

[90mstderr[2m | tests/ui/miniapp-prelaunch.test.tsx[2m > [22m[2msynthetic native component user journeys[2m > [22m[2mshows component refund UNKNOWN instead of claiming arrival
[22m[39mWarning: The current testing environment is not configured to support act(...)

[90mstderr[2m | tests/ui/miniapp-prelaunch.test.tsx[2m > [22m[2msynthetic native component user journeys[2m > [22m[2mshows component refund UNKNOWN instead of claiming arrival
[22m[39mWarning: The current testing environment is not configured to support act(...)
Warning: The current testing environment is not configured to support act(...)

[90mstderr[2m | tests/ui/miniapp-prelaunch.test.tsx[2m > [22m[2msynthetic native component user journeys[2m > [22m[2mshows component refund UNKNOWN instead of claiming arrival
[22m[39mWarning: The current testing environment is not configured to support act(...)

[90mstderr[2m | tests/ui/miniapp-prelaunch.test.tsx[2m > [22m[2msynthetic native component user journeys[2m > [22m[2mretains blocked applications without fabricating a payable registration
[22m[39mWarning: The current testing environment is not configured to support act(...)

[90mstderr[2m | tests/ui/miniapp-prelaunch.test.tsx[2m > [22m[2msynthetic native component user journeys[2m > [22m[2mretains blocked applications without fabricating a payable registration
[22m[39mWarning: The current testing environment is not configured to support act(...)
Warning: The current testing environment is not configured to support act(...)
Warning: The current testing environment is not configured to support act(...)
Warning: The current testing environment is not configured to support act(...)
Warning: The current testing environment is not configured to support act(...)
Warning: The current testing environment is not configured to support act(...)
Warning: The current testing environment is not configured to support act(...)
Warning: The current testing environment is not configured to support act(...)
Warning: The current testing environment is not configured to support act(...)

[90mstderr[2m | tests/ui/miniapp-prelaunch.test.tsx[2m > [22m[2msynthetic native component user journeys[2m > [22m[2mretains blocked applications without fabricating a payable registration
[22m[39mWarning: The current testing environment is not configured to support act(...)

[90mstderr[2m | tests/ui/miniapp-prelaunch.test.tsx[2m > [22m[2msynthetic native component user journeys[2m > [22m[2mretains blocked applications without fabricating a payable registration
[22m[39mWarning: The current testing environment is not configured to support act(...)
Warning: The current testing environment is not configured to support act(...)
Warning: The current testing environment is not configured to support act(...)

[90mstderr[2m | tests/ui/miniapp-prelaunch.test.tsx[2m > [22m[2msynthetic native component user journeys[2m > [22m[2mretains blocked applications without fabricating a payable registration
[22m[39mWarning: The current testing environment is not configured to support act(...)
Warning: The current testing environment is not configured to support act(...)

[90mstderr[2m | tests/ui/miniapp-prelaunch.test.tsx[2m > [22m[2msynthetic native component user journeys[2m > [22m[2mretains blocked applications without fabricating a payable registration
[22m[39mWarning: The current testing environment is not configured to support act(...)
Warning: The current testing environment is not configured to support act(...)

[90mstderr[2m | tests/ui/miniapp-prelaunch.test.tsx[2m > [22m[2msynthetic native component user journeys[2m > [22m[2mretains blocked applications without fabricating a payable registration
[22m[39mWarning: The current testing environment is not configured to support act(...)
Warning: The current testing environment is not configured to support act(...)
Warning: The current testing environment is not configured to support act(...)

[90mstderr[2m | tests/ui/miniapp-prelaunch.test.tsx[2m > [22m[2msynthetic native component user journeys[2m > [22m[2mretains blocked applications without fabricating a payable registration
[22m[39mWarning: The current testing environment is not configured to support act(...)
Warning: The current testing environment is not configured to support act(...)

[90mstderr[2m | tests/ui/miniapp-prelaunch.test.tsx[2m > [22m[2msynthetic native component user journeys[2m > [22m[2mretains blocked applications without fabricating a payable registration
[22m[39mWarning: The current testing environment is not configured to support act(...)
Warning: The current testing environment is not configured to support act(...)
Warning: The current testing environment is not configured to support act(...)
Warning: The current testing environment is not configured to support act(...)
Warning: The current testing environment is not configured to support act(...)
Warning: The current testing environment is not configured to support act(...)
Warning: The current testing environment is not configured to support act(...)
Warning: The current testing environment is not configured to support act(...)
Warning: The current testing environment is not configured to support act(...)

[90mstderr[2m | tests/ui/miniapp-prelaunch.test.tsx[2m > [22m[2msynthetic native component user journeys[2m > [22m[2mretains blocked applications without fabricating a payable registration
[22m[39mWarning: The current testing environment is not configured to support act(...)
Warning: The current testing environment is not configured to support act(...)

[90mstderr[2m | tests/ui/miniapp-prelaunch.test.tsx[2m > [22m[2msynthetic native component user journeys[2m > [22m[2mretains blocked applications without fabricating a payable registration
[22m[39mWarning: The current testing environment is not configured to support act(...)

[90mstderr[2m | tests/ui/miniapp-prelaunch.test.tsx[2m > [22m[2msynthetic native component user journeys[2m > [22m[2maccepts closure while preserving uncompleted obligations
[22m[39mWarning: The current testing environment is not configured to support act(...)

[90mstderr[2m | tests/ui/miniapp-prelaunch.test.tsx[2m > [22m[2msynthetic native component user journeys[2m > [22m[2maccepts closure while preserving uncompleted obligations
[22m[39mWarning: The current testing environment is not configured to support act(...)
Warning: The current testing environment is not configured to support act(...)
Warning: The current testing environment is not configured to support act(...)
Warning: The current testing environment is not configured to support act(...)
Warning: The current testing environment is not configured to support act(...)
Warning: The current testing environment is not configured to support act(...)
Warning: The current testing environment is not configured to support act(...)
Warning: The current testing environment is not configured to support act(...)
Warning: The current testing environment is not configured to support act(...)

[90mstderr[2m | tests/ui/miniapp-prelaunch.test.tsx[2m > [22m[2msynthetic native component user journeys[2m > [22m[2maccepts closure while preserving uncompleted obligations
[22m[39mWarning: The current testing environment is not configured to support act(...)
Warning: The current testing environment is not configured to support act(...)
Warning: The current testing environment is not configured to support act(...)

[90mstderr[2m | tests/ui/miniapp-prelaunch.test.tsx[2m > [22m[2msynthetic native component user journeys[2m > [22m[2maccepts closure while preserving uncompleted obligations
[22m[39mWarning: The current testing environment is not configured to support act(...)
Warning: The current testing environment is not configured to support act(...)

[90mstderr[2m | tests/ui/miniapp-prelaunch.test.tsx[2m > [22m[2msynthetic native component user journeys[2m > [22m[2maccepts closure while preserving uncompleted obligations
[22m[39mWarning: The current testing environment is not configured to support act(...)
Warning: The current testing environment is not configured to support act(...)
Warning: The current testing environment is not configured to support act(...)
Warning: The current testing environment is not configured to support act(...)
Warning: The current testing environment is not configured to support act(...)
Warning: The current testing environment is not configured to support act(...)
Warning: The current testing environment is not configured to support act(...)
Warning: The current testing environment is not configured to support act(...)
Warning: The current testing environment is not configured to support act(...)

[90mstderr[2m | tests/ui/miniapp-prelaunch.test.tsx[2m > [22m[2msynthetic native component user journeys[2m > [22m[2maccepts closure while preserving uncompleted obligations
[22m[39mWarning: The current testing environment is not configured to support act(...)
Warning: The current testing environment is not configured to support act(...)

[90mstderr[2m | tests/ui/miniapp-prelaunch.test.tsx[2m > [22m[2msynthetic native component user journeys[2m > [22m[2maccepts closure while preserving uncompleted obligations
[22m[39mWarning: The current testing environment is not configured to support act(...)

[90mstderr[2m | tests/ui/miniapp-prelaunch.test.tsx[2m > [22m[2maddress cache requires a current server authorization[2m > [22m[2mhides the old address before a failed detail reload
[22m[39mWarning: The current testing environment is not configured to support act(...)

[90mstderr[2m | tests/ui/miniapp-prelaunch.test.tsx[2m > [22m[2maddress cache requires a current server authorization[2m > [22m[2mhides the old address before a failed detail reload
[22m[39mWarning: The current testing environment is not configured to support act(...)
Warning: The current testing environment is not configured to support act(...)
Warning: The current testing environment is not configured to support act(...)
Warning: The current testing environment is not configured to support act(...)
Warning: The current testing environment is not configured to support act(...)
Warning: The current testing environment is not configured to support act(...)
Warning: The current testing environment is not configured to support act(...)
Warning: The current testing environment is not configured to support act(...)
Warning: The current testing environment is not configured to support act(...)

[90mstderr[2m | tests/ui/miniapp-prelaunch.test.tsx[2m > [22m[2maddress cache requires a current server authorization[2m > [22m[2mhides the old address before a failed detail reload
[22m[39mWarning: The current testing environment is not configured to support act(...)
Warning: The current testing environment is not configured to support act(...)
Warning: The current testing environment is not configured to support act(...)
Warning: The current testing environment is not configured to support act(...)

[90mstderr[2m | tests/ui/miniapp-prelaunch.test.tsx[2m > [22m[2maddress cache requires a current server authorization[2m > [22m[2mhides the old address before a failed detail reload
[22m[39mWarning: The current testing environment is not configured to support act(...)

[90mstderr[2m | tests/ui/miniapp-prelaunch.test.tsx[2m > [22m[2maddress cache requires a current server authorization[2m > [22m[2mhides the old address before a failed detail reload
[22m[39mWarning: The current testing environment is not configured to support act(...)
Warning: The current testing environment is not configured to support act(...)

[90mstderr[2m | tests/ui/miniapp-prelaunch.test.tsx[2m > [22m[2maddress cache requires a current server authorization[2m > [22m[2mhides the old address before a failed detail reload
[22m[39mWarning: The current testing environment is not configured to support act(...)
Warning: The current testing environment is not configured to support act(...)
Warning: The current testing environment is not configured to support act(...)
Warning: The current testing environment is not configured to support act(...)

[90mstderr[2m | tests/ui/miniapp-prelaunch.test.tsx[2m > [22m[2maddress cache requires a current server authorization[2m > [22m[2mhides the old address before a failed detail reload
[22m[39mWarning: The current testing environment is not configured to support act(...)
Warning: The current testing environment is not configured to support act(...)
Warning: The current testing environment is not configured to support act(...)

[90mstderr[2m | tests/ui/miniapp-prelaunch.test.tsx[2m > [22m[2maddress cache requires a current server authorization[2m > [22m[2mhides the old address before a failed detail reload
[22m[39mWarning: The current testing environment is not configured to support act(...)

[90mstderr[2m | tests/ui/miniapp-prelaunch.test.tsx[2m > [22m[2maddress cache requires a current server authorization[2m > [22m[2mmanual refresh clears prior authorization even when subsequent requests fail
[22m[39mWarning: The current testing environment is not configured to support act(...)

[90mstderr[2m | tests/ui/miniapp-prelaunch.test.tsx[2m > [22m[2maddress cache requires a current server authorization[2m > [22m[2mmanual refresh clears prior authorization even when subsequent requests fail
[22m[39mWarning: The current testing environment is not configured to support act(...)
Warning: The current testing environment is not configured to support act(...)
Warning: The current testing environment is not configured to support act(...)
Warning: The current testing environment is not configured to support act(...)
Warning: The current testing environment is not configured to support act(...)
Warning: The current testing environment is not configured to support act(...)
Warning: The current testing environment is not configured to support act(...)
Warning: The current testing environment is not configured to support act(...)
Warning: The current testing environment is not configured to support act(...)

[90mstderr[2m | tests/ui/miniapp-prelaunch.test.tsx[2m > [22m[2maddress cache requires a current server authorization[2m > [22m[2mmanual refresh clears prior authorization even when subsequent requests fail
[22m[39mWarning: The current testing environment is not configured to support act(...)
Warning: The current testing environment is not configured to support act(...)
Warning: The current testing environment is not configured to support act(...)
Warning: The current testing environment is not configured to support act(...)

[90mstderr[2m | tests/ui/miniapp-prelaunch.test.tsx[2m > [22m[2maddress cache requires a current server authorization[2m > [22m[2mmanual refresh clears prior authorization even when subsequent requests fail
[22m[39mWarning: The current testing environment is not configured to support act(...)

[90mstderr[2m | tests/ui/miniapp-prelaunch.test.tsx[2m > [22m[2maddress cache requires a current server authorization[2m > [22m[2mmanual refresh clears prior authorization even when subsequent requests fail
[22m[39mWarning: The current testing environment is not configured to support act(...)
Warning: The current testing environment is not configured to support act(...)

[90mstderr[2m | tests/ui/miniapp-prelaunch.test.tsx[2m > [22m[2maddress cache requires a current server authorization[2m > [22m[2mmanual refresh clears prior authorization even when subsequent requests fail
[22m[39mWarning: The current testing environment is not configured to support act(...)
Warning: The current testing environment is not configured to support act(...)
Warning: The current testing environment is not configured to support act(...)
Warning: The current testing environment is not configured to support act(...)

[90mstderr[2m | tests/ui/miniapp-prelaunch.test.tsx[2m > [22m[2maddress cache requires a current server authorization[2m > [22m[2mmanual refresh clears prior authorization even when subsequent requests fail
[22m[39mWarning: The current testing environment is not configured to support act(...)
Warning: The current testing environment is not configured to support act(...)
Warning: The current testing environment is not configured to support act(...)

[90mstderr[2m | tests/ui/miniapp-prelaunch.test.tsx[2m > [22m[2maddress cache requires a current server authorization[2m > [22m[2mmanual refresh clears prior authorization even when subsequent requests fail
[22m[39mWarning: The current testing environment is not configured to support act(...)
Warning: The current testing environment is not configured to support act(...)

[90mstderr[2m | tests/ui/miniapp-prelaunch.test.tsx[2m > [22m[2maddress cache requires a current server authorization[2m > [22m[2mmanual refresh clears prior authorization even when subsequent requests fail
[22m[39mWarning: The current testing environment is not configured to support act(...)

[90mstderr[2m | tests/ui/miniapp-prelaunch.test.tsx[2m > [22m[2maddress cache requires a current server authorization[2m > [22m[2mnever displays an invalidated table address even if an old payload carries it
[22m[39mWarning: The current testing environment is not configured to support act(...)

[90mstderr[2m | tests/ui/miniapp-prelaunch.test.tsx[2m > [22m[2maddress cache requires a current server authorization[2m > [22m[2mnever displays an invalidated table address even if an old payload carries it
[22m[39mWarning: The current testing environment is not configured to support act(...)
Warning: The current testing environment is not configured to support act(...)
Warning: The current testing environment is not configured to support act(...)
Warning: The current testing environment is not configured to support act(...)
Warning: The current testing environment is not configured to support act(...)
Warning: The current testing environment is not configured to support act(...)
Warning: The current testing environment is not configured to support act(...)
Warning: The current testing environment is not configured to support act(...)
Warning: The current testing environment is not configured to support act(...)

[90mstderr[2m | tests/ui/miniapp-prelaunch.test.tsx[2m > [22m[2maddress cache requires a current server authorization[2m > [22m[2mnever displays an invalidated table address even if an old payload carries it
[22m[39mWarning: The current testing environment is not configured to support act(...)
Warning: The current testing environment is not configured to support act(...)
Warning: The current testing environment is not configured to support act(...)
Warning: The current testing environment is not configured to support act(...)

[90mstderr[2m | tests/ui/miniapp-prelaunch.test.tsx[2m > [22m[2maddress cache requires a current server authorization[2m > [22m[2mnever displays an invalidated table address even if an old payload carries it
[22m[39mWarning: The current testing environment is not configured to support act(...)

[90mstderr[2m | tests/ui/miniapp-prelaunch.test.tsx[2m > [22m[2maddress cache requires a current server authorization[2m > [22m[2mnever displays an invalidated table address even if an old payload carries it
[22m[39mWarning: The current testing environment is not configured to support act(...)
Warning: The current testing environment is not configured to support act(...)

[90mstderr[2m | tests/ui/miniapp-prelaunch.test.tsx[2m > [22m[2maddress cache requires a current server authorization[2m > [22m[2mnever displays an invalidated table address even if an old payload carries it
[22m[39mWarning: The current testing environment is not configured to support act(...)
Warning: The current testing environment is not configured to support act(...)
Warning: The current testing environment is not configured to support act(...)
Warning: The current testing environment is not configured to support act(...)

[90mstderr[2m | tests/ui/miniapp-prelaunch.test.tsx[2m > [22m[2maddress cache requires a current server authorization[2m > [22m[2mnever displays an invalidated table address even if an old payload carries it
[22m[39mWarning: The current testing environment is not configured to support act(...)

[90mstderr[2m | tests/ui/miniapp-prelaunch.test.tsx[2m > [22m[2maddress cache requires a current server authorization[2m > [22m[2mnever displays an invalidated table address even if an old payload carries it
[22m[39mWarning: The current testing environment is not configured to support act(...)
Warning: The current testing environment is not configured to support act(...)

[90mstderr[2m | tests/ui/miniapp-prelaunch.test.tsx[2m > [22m[2maddress cache requires a current server authorization[2m > [22m[2mnever displays an invalidated table address even if an old payload carries it
[22m[39mWarning: The current testing environment is not configured to support act(...)

[90mstderr[2m | tests/ui/miniapp-prelaunch.test.tsx[2m > [22m[2mUSR06 presentation priority retains all activities[2m > [22m[2mplaces preferred activities first across collected pages, preserving equal-priority order and every other activity
[22m[39mWarning: The current testing environment is not configured to support act(...)

[90mstderr[2m | tests/ui/miniapp-prelaunch.test.tsx[2m > [22m[2mUSR06 presentation priority retains all activities[2m > [22m[2mplaces preferred activities first across collected pages, preserving equal-priority order and every other activity
[22m[39mWarning: The current testing environment is not configured to support act(...)
Warning: The current testing environment is not configured to support act(...)
Warning: The current testing environment is not configured to support act(...)
Warning: The current testing environment is not configured to support act(...)
Warning: The current testing environment is not configured to support act(...)
Warning: The current testing environment is not configured to support act(...)
Warning: The current testing environment is not configured to support act(...)
Warning: The current testing environment is not configured to support act(...)
Warning: The current testing environment is not configured to support act(...)

[90mstderr[2m | tests/ui/miniapp-prelaunch.test.tsx[2m > [22m[2mUSR06 presentation priority retains all activities[2m > [22m[2mplaces preferred activities first across collected pages, preserving equal-priority order and every other activity
[22m[39mWarning: The current testing environment is not configured to support act(...)
Warning: The current testing environment is not configured to support act(...)
Warning: The current testing environment is not configured to support act(...)
Warning: The current testing environment is not configured to support act(...)

[90mstderr[2m | tests/ui/miniapp-prelaunch.test.tsx[2m > [22m[2mUSR06 presentation priority retains all activities[2m > [22m[2mplaces preferred activities first across collected pages, preserving equal-priority order and every other activity
[22m[39mWarning: The current testing environment is not configured to support act(...)
Warning: The current testing environment is not configured to support act(...)
Warning: The current testing environment is not configured to support act(...)
Warning: The current testing environment is not configured to support act(...)
Warning: The current testing environment is not configured to support act(...)
Warning: The current testing environment is not configured to support act(...)
Warning: The current testing environment is not configured to support act(...)
Warning: The current testing environment is not configured to support act(...)
Warning: The current testing environment is not configured to support act(...)
Warning: The current testing environment is not configured to support act(...)

[90mstderr[2m | tests/ui/miniapp-prelaunch.test.tsx[2m > [22m[2mUSR06 presentation priority retains all activities[2m > [22m[2mplaces preferred activities first across collected pages, preserving equal-priority order and every other activity
[22m[39mWarning: The current testing environment is not configured to support act(...)
Warning: The current testing environment is not configured to support act(...)

[90mstderr[2m | tests/ui/miniapp-prelaunch.test.tsx[2m > [22m[2mUSR06 presentation priority retains all activities[2m > [22m[2mplaces preferred activities first across collected pages, preserving equal-priority order and every other activity
[22m[39mWarning: The current testing environment is not configured to support act(...)

[90mstderr[2m | tests/ui/miniapp-prelaunch.test.tsx[2m > [22m[2mUSR06 presentation priority retains all activities[2m > [22m[2mempty preferences retain server ordering and do not remove or disable activities
[22m[39mWarning: The current testing environment is not configured to support act(...)

[90mstderr[2m | tests/ui/miniapp-prelaunch.test.tsx[2m > [22m[2mUSR06 presentation priority retains all activities[2m > [22m[2mempty preferences retain server ordering and do not remove or disable activities
[22m[39mWarning: The current testing environment is not configured to support act(...)
Warning: The current testing environment is not configured to support act(...)
Warning: The current testing environment is not configured to support act(...)
Warning: The current testing environment is not configured to support act(...)
Warning: The current testing environment is not configured to support act(...)
Warning: The current testing environment is not configured to support act(...)
Warning: The current testing environment is not configured to support act(...)
Warning: The current testing environment is not configured to support act(...)
Warning: The current testing environment is not configured to support act(...)

[90mstderr[2m | tests/ui/miniapp-prelaunch.test.tsx[2m > [22m[2mUSR06 presentation priority retains all activities[2m > [22m[2mempty preferences retain server ordering and do not remove or disable activities
[22m[39mWarning: The current testing environment is not configured to support act(...)
Warning: The current testing environment is not configured to support act(...)
Warning: The current testing environment is not configured to support act(...)
Warning: The current testing environment is not configured to support act(...)

[90mstderr[2m | tests/ui/miniapp-prelaunch.test.tsx[2m > [22m[2mUSR06 presentation priority retains all activities[2m > [22m[2mempty preferences retain server ordering and do not remove or disable activities
[22m[39mWarning: The current testing environment is not configured to support act(...)
Warning: The current testing environment is not configured to support act(...)
Warning: The current testing environment is not configured to support act(...)
Warning: The current testing environment is not configured to support act(...)
Warning: The current testing environment is not configured to support act(...)
Warning: The current testing environment is not configured to support act(...)
Warning: The current testing environment is not configured to support act(...)
Warning: The current testing environment is not configured to support act(...)
Warning: The current testing environment is not configured to support act(...)
Warning: The current testing environment is not configured to support act(...)

[90mstderr[2m | tests/ui/miniapp-prelaunch.test.tsx[2m > [22m[2mUSR06 presentation priority retains all activities[2m > [22m[2mempty preferences retain server ordering and do not remove or disable activities
[22m[39mWarning: The current testing environment is not configured to support act(...)
Warning: The current testing environment is not configured to support act(...)

[90mstderr[2m | tests/ui/miniapp-prelaunch.test.tsx[2m > [22m[2mUSR06 presentation priority retains all activities[2m > [22m[2mempty preferences retain server ordering and do not remove or disable activities
[22m[39mWarning: The current testing environment is not configured to support act(...)

[90mstderr[2m | tests/ui/miniapp-prelaunch.test.tsx[2m > [22m[2mBR09/54 amount presentation and pending refund semantics[2m > [22m[2mshows total F+D excluding estimated restaurant meal cost
[22m[39mWarning: The current testing environment is not configured to support act(...)

[90mstderr[2m | tests/ui/miniapp-prelaunch.test.tsx[2m > [22m[2mBR09/54 amount presentation and pending refund semantics[2m > [22m[2mshows total F+D excluding estimated restaurant meal cost
[22m[39mWarning: The current testing environment is not configured to support act(...)
Warning: The current testing environment is not configured to support act(...)
Warning: The current testing environment is not configured to support act(...)
Warning: The current testing environment is not configured to support act(...)
Warning: The current testing environment is not configured to support act(...)
Warning: The current testing environment is not configured to support act(...)
Warning: The current testing environment is not configured to support act(...)
Warning: The current testing environment is not configured to support act(...)
Warning: The current testing environment is not configured to support act(...)

[90mstderr[2m | tests/ui/miniapp-prelaunch.test.tsx[2m > [22m[2mBR09/54 amount presentation and pending refund semantics[2m > [22m[2mshows total F+D excluding estimated restaurant meal cost
[22m[39mWarning: The current testing environment is not configured to support act(...)
Warning: The current testing environment is not configured to support act(...)
Warning: The current testing environment is not configured to support act(...)
Warning: The current testing environment is not configured to support act(...)

[90mstderr[2m | tests/ui/miniapp-prelaunch.test.tsx[2m > [22m[2mBR09/54 amount presentation and pending refund semantics[2m > [22m[2mshows total F+D excluding estimated restaurant meal cost
[22m[39mWarning: The current testing environment is not configured to support act(...)
Warning: The current testing environment is not configured to support act(...)
Warning: The current testing environment is not configured to support act(...)
Warning: The current testing environment is not configured to support act(...)
Warning: The current testing environment is not configured to support act(...)
Warning: The current testing environment is not configured to support act(...)
Warning: The current testing environment is not configured to support act(...)
Warning: The current testing environment is not configured to support act(...)
Warning: The current testing environment is not configured to support act(...)
Warning: The current testing environment is not configured to support act(...)

[90mstderr[2m | tests/ui/miniapp-prelaunch.test.tsx[2m > [22m[2mBR09/54 amount presentation and pending refund semantics[2m > [22m[2mshows total F+D excluding estimated restaurant meal cost
[22m[39mWarning: The current testing environment is not configured to support act(...)
Warning: The current testing environment is not configured to support act(...)

[90mstderr[2m | tests/ui/miniapp-prelaunch.test.tsx[2m > [22m[2mBR09/54 amount presentation and pending refund semantics[2m > [22m[2mshows total F+D excluding estimated restaurant meal cost
[22m[39mWarning: The current testing environment is not configured to support act(...)

[90mstderr[2m | tests/ui/miniapp-prelaunch.test.tsx[2m > [22m[2mBR09/54 amount presentation and pending refund semantics[2m > [22m[2mWAITING_BATCH and UNKNOWN remain distinct from refunded or money-arrived facts
[22m[39mWarning: The current testing environment is not configured to support act(...)

[90mstderr[2m | tests/ui/miniapp-prelaunch.test.tsx[2m > [22m[2mBR09/54 amount presentation and pending refund semantics[2m > [22m[2mWAITING_BATCH and UNKNOWN remain distinct from refunded or money-arrived facts
[22m[39mWarning: The current testing environment is not configured to support act(...)
Warning: The current testing environment is not configured to support act(...)
Warning: The current testing environment is not configured to support act(...)
Warning: The current testing environment is not configured to support act(...)
Warning: The current testing environment is not configured to support act(...)
Warning: The current testing environment is not configured to support act(...)
Warning: The current testing environment is not configured to support act(...)
Warning: The current testing environment is not configured to support act(...)
Warning: The current testing environment is not configured to support act(...)

[90mstderr[2m | tests/ui/miniapp-prelaunch.test.tsx[2m > [22m[2mBR09/54 amount presentation and pending refund semantics[2m > [22m[2mWAITING_BATCH and UNKNOWN remain distinct from refunded or money-arrived facts
[22m[39mWarning: The current testing environment is not configured to support act(...)
Warning: The current testing environment is not configured to support act(...)
Warning: The current testing environment is not configured to support act(...)
Warning: The current testing environment is not configured to support act(...)

[90mstderr[2m | tests/ui/miniapp-prelaunch.test.tsx[2m > [22m[2mBR09/54 amount presentation and pending refund semantics[2m > [22m[2mWAITING_BATCH and UNKNOWN remain distinct from refunded or money-arrived facts
[22m[39mWarning: The current testing environment is not configured to support act(...)

[90mstderr[2m | tests/ui/miniapp-prelaunch.test.tsx[2m > [22m[2mBR09/54 amount presentation and pending refund semantics[2m > [22m[2mWAITING_BATCH and UNKNOWN remain distinct from refunded or money-arrived facts
[22m[39mWarning: The current testing environment is not configured to support act(...)
Warning: The current testing environment is not configured to support act(...)

[90mstderr[2m | tests/ui/miniapp-prelaunch.test.tsx[2m > [22m[2mBR09/54 amount presentation and pending refund semantics[2m > [22m[2mWAITING_BATCH and UNKNOWN remain distinct from refunded or money-arrived facts
[22m[39mWarning: The current testing environment is not configured to support act(...)

