
● Webpack █████████████████████████  (0%)  
 

[2K[1A[2K[1A[2K[1A[2K[1A[2K[G
● Webpack █████████████████████████ building (10%) 0/12 entries 12/12 dependen
cies 0/12 modules 1 active 
 babel-loader › src/app.tsx

[2K[1A[2K[1A[2K[1A[2K[1A[2K[1A[2K[G
● Webpack █████████████████████████ building (10%) 0/12 entries 21/38 dependen
cies 0/21 modules 13 active 
 taro-loader › src/app.tsx

[2K[1A[2K[1A[2K[1A[2K[1A[2K[1A[2K[G
● Webpack █████████████████████████ building (10%) 0/12 entries 91/123 depende
ncies 0/39 modules 37 active 
 ...-stage0-baseline/饭局/node_modules/.pnpm/react@18.3.1/node_modules/react/i
ndex.js

[2K[1A[2K[1A[2K[1A[2K[1A[2K[1A[2K[1A[2K[G
● Webpack █████████████████████████ building (10%) 0/12 entries 100/124 depend
encies 0/40 modules 40 active 
 ...t@18.3.31_html-we_vt4ev3lwzz5ylk3g7z2nyanff4/node_modules/@tarojs/taro/ind
ex.js

[2K[1A[2K[1A[2K[1A[2K[1A[2K[1A[2K[1A[2K[G
● Webpack █████████████████████████ building (10%) 0/12 entries 170/188 depend
encies 18/58 modules 40 active 
 ...ime@7.29.7/node_modules/@babel/runtime/helpers/esm/createForOfIteratorHelp
er.js

[2K[1A[2K[1A[2K[1A[2K[1A[2K[1A[2K[1A[2K[G
● Webpack █████████████████████████ building (14%) 1/12 entries 240/298 depend
encies 34/103 modules 67 active 
 ...@babel+runtime@7.29.7/node_modules/@babel/runtime/helpers/esm/getPrototype
Of.js

[2K[1A[2K[1A[2K[1A[2K[1A[2K[1A[2K[1A[2K[G
● Webpack █████████████████████████ building (14%) 1/12 entries 387/446 depend
encies 48/120 modules 72 active 
 ...runtime@7.29.7/node_modules/@babel/runtime/helpers/esm/assertThisInitializ
ed.js

[2K[1A[2K[1A[2K[1A[2K[1A[2K[1A[2K[1A[2K[G
● Webpack █████████████████████████ building (14%) 1/12 entries 483/490 depend
encies 59/137 modules 74 active 
 .../node_modules/react-reconciler/cjs/react-reconciler-constants.production.m
in.js

[2K[1A[2K[1A[2K[1A[2K[1A[2K[1A[2K[1A[2K[G
● Webpack █████████████████████████ building (14%) 1/12 entries 537/545 depend
encies 78/152 modules 73 active 
 ...@tarojs+runtime@4.2.0_@tarojs+shared@4.2.0/node_modules/@tarojs/api/dist/e
nv.js

[2K[1A[2K[1A[2K[1A[2K[1A[2K[1A[2K[1A[2K[G
● Webpack █████████████████████████ sealing (70%)  
 finish module graph

[2K[1A[2K[1A[2K[1A[2K[1A[2K[G
● Webpack █████████████████████████ sealing (88%)  
 runtime requirements

[2K[1A[2K[1A[2K[1A[2K[1A[2K[G
● Webpack █████████████████████████ sealing (92%) asset processing 
 CssMinimizerPlugin

[2K[1A[2K[1A[2K[1A[2K[1A[2K[G
● Webpack █████████████████████████ sealing (92%) asset processing 
 RealContentHashPlugin

[2K[1A[2K[1A[2K[1A[2K[1A[2K[G
✔ Webpack
  Compiled successfully in 2.13s

