TAP version 13
# Subtest: BR38 RB11 PRE027 native morning activity normal fulfillment schedules exact next Shanghai day D only and channel confirmation remains separate
ok 1 - BR38 RB11 PRE027 native morning activity normal fulfillment schedules exact next Shanghai day D only and channel confirmation remains separate
  ---
  duration_ms: 213.346917
  type: 'test'
  ...
# Subtest: BR38 RB11 PRE027 native cross Shanghai midnight normal fulfillment schedules exact next Shanghai day D only and channel confirmation remains separate
ok 2 - BR38 RB11 PRE027 native cross Shanghai midnight normal fulfillment schedules exact next Shanghai day D only and channel confirmation remains separate
  ---
  duration_ms: 92.932792
  type: 'test'
  ...
# Subtest: BR39 native next-day scan without restaurant confirmation creates operational todo without automatic refund or violation
ok 3 - BR39 native next-day scan without restaurant confirmation creates operational todo without automatic refund or violation
  ---
  duration_ms: 70.140083
  type: 'test'
  ...
# Subtest: BR46 BR47 native special REFUND_D respects legal scope and original formed T25 facts at later T20 review
ok 4 - BR46 BR47 native special REFUND_D respects legal scope and original formed T25 facts at later T20 review
  ---
  duration_ms: 247.339
  type: 'test'
  ...
# Subtest: BR46 BR47 native special REFUND_FD respects legal scope and original formed T25 facts at later T20 review
ok 5 - BR46 BR47 native special REFUND_FD respects legal scope and original formed T25 facts at later T20 review
  ---
  duration_ms: 185.353
  type: 'test'
  ...
# Subtest: BR46 BR47 native special REJECT respects legal scope and original formed T25 facts at later T20 review
ok 6 - BR46 BR47 native special REJECT respects legal scope and original formed T25 facts at later T20 review
  ---
  duration_ms: 174.196375
  type: 'test'
  ...
# Subtest: BR53 RB11 native approval before Shanghai midnight schedules next day without an extra calendar day
ok 7 - BR53 RB11 native approval before Shanghai midnight schedules next day without an extra calendar day
  ---
  duration_ms: 59.287208
  type: 'test'
  ...
# Subtest: BR64 PRE030 native CREATED or SENT without received proof cannot start adverse worker clock or deduct D
ok 8 - BR64 PRE030 native CREATED or SENT without received proof cannot start adverse worker clock or deduct D
  ---
  duration_ms: 91.797125
  type: 'test'
  ...
# Subtest: preparation persists and serializes on owned PostgreSQL
    # Subtest: twenty concurrent claims produce one durable submitting attempt
    ok 1 - twenty concurrent claims produce one durable submitting attempt
      ---
      duration_ms: 149.936625
      type: 'test'
      ...
    # Subtest: prepayment save does not confirm money and stale failures cannot undo it
    ok 2 - prepayment save does not confirm money and stale failures cannot undo it
      ---
      duration_ms: 9.398792
      type: 'test'
      ...
    # Subtest: unknown outcome cannot be claimed for another submission
    ok 3 - unknown outcome cannot be claimed for another submission
      ---
      duration_ms: 18.403833
      type: 'test'
      ...
    # Subtest: wrong binding and inactive intents reject without writes
    ok 4 - wrong binding and inactive intents reject without writes
      ---
      duration_ms: 13.121209
      type: 'test'
      ...
    # Subtest: database constraint rejects prepared state without a reference
    ok 5 - database constraint rejects prepared state without a reference
      ---
      duration_ms: 5.810959
      type: 'test'
      ...
    # Subtest: runner persists submitting before network and prepay before returning
    ok 6 - runner persists submitting before network and prepay before returning
      ---
      duration_ms: 17.270125
      type: 'test'
      ...
    # Subtest: runner timeout leaves unknown and cannot resend
    ok 7 - runner timeout leaves unknown and cannot resend
      ---
      duration_ms: 14.961792
      type: 'test'
      ...
    # Subtest: authorization rejection rolls back before a durable claim
    ok 8 - authorization rejection rolls back before a durable claim
      ---
      duration_ms: 6.588833
      type: 'test'
      ...
    # Subtest: canceled registration and expired hold cannot prepare a payment
    ok 9 - canceled registration and expired hold cannot prepare a payment
      ---
      duration_ms: 15.566125
      type: 'test'
      ...
    # Subtest: late trusted payment query survives cancellation and concurrent duplicate intake
    ok 10 - late trusted payment query survives cancellation and concurrent duplicate intake
      ---
      duration_ms: 394.260666
      type: 'test'
      ...
    # Subtest: expired lease cannot query and lease loss during query cannot persist
    ok 11 - expired lease cannot query and lease loss during query cannot persist
      ---
      duration_ms: 11.902667
      type: 'test'
      ...
    # Subtest: query handler persists success and escalates conflict under a live lease
    ok 12 - query handler persists success and escalates conflict under a live lease
      ---
      duration_ms: 42.448959
      type: 'test'
      ...
    # Subtest: recovery job identity conflict rolls back the submission claim
    ok 13 - recovery job identity conflict rolls back the submission claim
      ---
      duration_ms: 8.96775
      type: 'test'
      ...
    # Subtest: refund budget rejects invalid components and cross-receipt business key reuse
    ok 14 - refund budget rejects invalid components and cross-receipt business key reuse
      ---
      duration_ms: 32.2415
      type: 'test'
      ...
    1..14
ok 9 - preparation persists and serializes on owned PostgreSQL
  ---
  duration_ms: 912.026167
  type: 'test'
  ...
1..9
# tests 23
# suites 0
# pass 23
# fail 0
# cancelled 0
# skipped 0
# todo 0
# duration_ms 2410.981667
