
● Webpack █████████████████████████  (0%)  
 

[2K[1A[2K[1A[2K[1A[2K[1A[2K[G
● Webpack █████████████████████████ building (10%) 0/13 entries 13/13 dependen
cies 0/13 modules 1 active 
 babel-loader › src/app.config.ts

[2K[1A[2K[1A[2K[1A[2K[1A[2K[1A[2K[G
● Webpack █████████████████████████ building (10%) 0/13 entries 13/13 dependen
cies 1/13 modules 12 active 
 ...gm5f4pyaqmjy4l4xlktq/node_modules/@tarojs/webpack5-runner/dist/template/co
mp.js

[2K[1A[2K[1A[2K[1A[2K[1A[2K[1A[2K[1A[2K[G
● Webpack █████████████████████████ building (14%) 1/13 entries 42/132 depende
ncies 1/26 modules 23 active 
 ...@tarojs+shared@4.2.0/node_modules/@tarojs/plugin-platform-weapp/dist/runti
me.js

[2K[1A[2K[1A[2K[1A[2K[1A[2K[1A[2K[1A[2K[G
● Webpack █████████████████████████ building (14%) 1/13 entries 99/152 depende
ncies 3/38 modules 35 active 
 ...orktrees/fanju-stage0-baseline/饭局/packages/shared/dist/rules/prelaunchCl
ient.js

[2K[1A[2K[1A[2K[1A[2K[1A[2K[1A[2K[1A[2K[G
● Webpack █████████████████████████ building (14%) 1/13 entries 100/152 depend
encies 3/39 modules 36 active 
 css-loader › postcss-loader › src/app.css

[2K[1A[2K[1A[2K[1A[2K[1A[2K[1A[2K[G
● Webpack █████████████████████████ building (14%) 1/13 entries 223/281 depend
encies 16/98 modules 79 active 
 ...pm/@babel+runtime@7.29.7/node_modules/@babel/runtime/helpers/esm/createCla
ss.js

[2K[1A[2K[1A[2K[1A[2K[1A[2K[1A[2K[1A[2K[G
● Webpack █████████████████████████ building (14%) 1/13 entries 371/435 depend
encies 36/116 modules 77 active 
 ...@babel+runtime@7.29.7/node_modules/@babel/runtime/helpers/esm/getPrototype
Of.js

[2K[1A[2K[1A[2K[1A[2K[1A[2K[1A[2K[1A[2K[G
● Webpack █████████████████████████ building (14%) 1/13 entries 458/483 depend
encies 53/132 modules 79 active 
 ...ules/.pnpm/@babel+runtime@7.29.7/node_modules/@babel/runtime/helpers/esm/g
et.js

[2K[1A[2K[1A[2K[1A[2K[1A[2K[1A[2K[1A[2K[G
● Webpack █████████████████████████ building (14%) 1/13 entries 531/533 depend
encies 85/150 modules 65 active 
 ...arojs+runtime@4.2.0_@tarojs+shared@4.2.0/node_modules/@tarojs/api/dist/ind
ex.js

[2K[1A[2K[1A[2K[1A[2K[1A[2K[1A[2K[1A[2K[G
● Webpack █████████████████████████ building (60%) 12/13 entries 555/555 depen
dencies 156/160 modules 4 active 
 css-loader › postcss-loader › src/app.css|0|||}}

[2K[1A[2K[1A[2K[1A[2K[1A[2K[1A[2K[G
● Webpack █████████████████████████ sealing (88%)  
 runtime requirements

[2K[1A[2K[1A[2K[1A[2K[1A[2K[G
● Webpack █████████████████████████ sealing (92%) asset processing 
 CssMinimizerPlugin

[2K[1A[2K[1A[2K[1A[2K[1A[2K[G
● Webpack █████████████████████████ sealing (92%) asset processing 
 RealContentHashPlugin

[2K[1A[2K[1A[2K[1A[2K[1A[2K[G
✔ Webpack
  Compiled successfully in 2.41s

