
● Webpack █████████████████████████  (0%)  
 

[2K[1A[2K[1A[2K[1A[2K[1A[2K[G
● Webpack █████████████████████████ building (10%) 0/13 entries 13/13 dependen
cies 0/13 modules 1 active 
 babel-loader › src/app.config.ts

[2K[1A[2K[1A[2K[1A[2K[1A[2K[1A[2K[G
● Webpack █████████████████████████ building (10%) 0/13 entries 23/41 dependen
cies 0/23 modules 14 active 
 taro-loader › src/app.tsx

[2K[1A[2K[1A[2K[1A[2K[1A[2K[1A[2K[G
● Webpack █████████████████████████ building (10%) 0/13 entries 38/133 depende
ncies 0/28 modules 28 active 
 babel-loader › src/pages/profile/profile-form.ts

[2K[1A[2K[1A[2K[1A[2K[1A[2K[1A[2K[G
● Webpack █████████████████████████ building (10%) 0/13 entries 97/133 depende
ncies 0/39 modules 37 active 
 ...-stage0-baseline/饭局/node_modules/.pnpm/react@18.3.1/node_modules/react/i
ndex.js

[2K[1A[2K[1A[2K[1A[2K[1A[2K[1A[2K[1A[2K[G
● Webpack █████████████████████████ building (10%) 0/13 entries 162/179 depend
encies 19/58 modules 39 active 
 ...abel+runtime@7.29.7/node_modules/@babel/runtime/helpers/esm/arrayLikeToArr
ay.js

[2K[1A[2K[1A[2K[1A[2K[1A[2K[1A[2K[1A[2K[G
● Webpack █████████████████████████ building (14%) 1/13 entries 341/412 depend
encies 40/107 modules 60 active 
 ...@babel+runtime@7.29.7/node_modules/@babel/runtime/helpers/esm/setPrototype
Of.js

[2K[1A[2K[1A[2K[1A[2K[1A[2K[1A[2K[1A[2K[G
● Webpack █████████████████████████ building (14%) 1/13 entries 396/443 depend
encies 50/119 modules 69 active 
 ...ime@7.29.7/node_modules/@babel/runtime/helpers/esm/createForOfIteratorHelp
er.js

[2K[1A[2K[1A[2K[1A[2K[1A[2K[1A[2K[1A[2K[G
● Webpack █████████████████████████ building (14%) 1/13 entries 508/516 depend
encies 71/150 modules 71 active 
 ...dules/.pnpm/@tarojs+shared@4.2.0/node_modules/@tarojs/shared/dist/componen
ts.js

[2K[1A[2K[1A[2K[1A[2K[1A[2K[1A[2K[1A[2K[G
● Webpack █████████████████████████ building (22%) 3/13 entries 542/545 depend
encies 124/154 modules 30 active 
 ...e@4.2.0_@tarojs+shared@4.2.0/node_modules/@tarojs/api/dist/interceptor/ind
ex.js

[2K[1A[2K[1A[2K[1A[2K[1A[2K[1A[2K[1A[2K[G
● Webpack █████████████████████████ sealing (71%)  
 dependencies optimization

[2K[1A[2K[1A[2K[1A[2K[1A[2K[G
● Webpack █████████████████████████ sealing (88%)  
 runtime requirements

[2K[1A[2K[1A[2K[1A[2K[1A[2K[G
● Webpack █████████████████████████ sealing (92%) asset processing 
 CssMinimizerPlugin

[2K[1A[2K[1A[2K[1A[2K[1A[2K[G
● Webpack █████████████████████████ sealing (92%) asset processing 
 RealContentHashPlugin

[2K[1A[2K[1A[2K[1A[2K[1A[2K[G
✔ Webpack
  Compiled successfully in 2.10s

