TAP version 13
# Subtest: preparation persists and serializes on owned PostgreSQL
    # Subtest: twenty concurrent claims produce one durable submitting attempt
    ok 1 - twenty concurrent claims produce one durable submitting attempt
      ---
      duration_ms: 151.888833
      type: 'test'
      ...
    # Subtest: prepayment save does not confirm money and stale failures cannot undo it
    ok 2 - prepayment save does not confirm money and stale failures cannot undo it
      ---
      duration_ms: 10.85025
      type: 'test'
      ...
    # Subtest: unknown outcome cannot be claimed for another submission
    ok 3 - unknown outcome cannot be claimed for another submission
      ---
      duration_ms: 18.889708
      type: 'test'
      ...
    # Subtest: wrong binding and inactive intents reject without writes
    ok 4 - wrong binding and inactive intents reject without writes
      ---
      duration_ms: 13.368
      type: 'test'
      ...
    # Subtest: database constraint rejects prepared state without a reference
    ok 5 - database constraint rejects prepared state without a reference
      ---
      duration_ms: 5.816708
      type: 'test'
      ...
    # Subtest: runner persists submitting before network and prepay before returning
    ok 6 - runner persists submitting before network and prepay before returning
      ---
      duration_ms: 17.835625
      type: 'test'
      ...
    # Subtest: runner timeout leaves unknown and cannot resend
    ok 7 - runner timeout leaves unknown and cannot resend
      ---
      duration_ms: 15.127833
      type: 'test'
      ...
    # Subtest: authorization rejection rolls back before a durable claim
    ok 8 - authorization rejection rolls back before a durable claim
      ---
      duration_ms: 7.3245
      type: 'test'
      ...
    # Subtest: canceled registration and expired hold cannot prepare a payment
    ok 9 - canceled registration and expired hold cannot prepare a payment
      ---
      duration_ms: 17.8835
      type: 'test'
      ...
    # Subtest: late trusted payment query survives cancellation and concurrent duplicate intake
    ok 10 - late trusted payment query survives cancellation and concurrent duplicate intake
      ---
      duration_ms: 107.562083
      type: 'test'
      ...
    1..10
ok 1 - preparation persists and serializes on owned PostgreSQL
  ---
  duration_ms: 542.297291
  type: 'test'
  ...
1..1
# tests 11
# suites 0
# pass 11
# fail 0
# cancelled 0
# skipped 0
# todo 0
# duration_ms 669.054791
