
● Webpack █████████████████████████  (0%)  
 

[2K[1A[2K[1A[2K[1A[2K[1A[2K[G
● Webpack █████████████████████████ building (10%) 0/13 entries 13/13 dependen
cies 0/13 modules 1 active 
 babel-loader › src/app.config.ts

[2K[1A[2K[1A[2K[1A[2K[1A[2K[1A[2K[G
● Webpack █████████████████████████ building (10%) 0/13 entries 13/14 dependen
cies 0/13 modules 13 active 
 ...jy4l4xlktq/node_modules/@tarojs/webpack5-runner/dist/template/custom-wrapp
er.js

[2K[1A[2K[1A[2K[1A[2K[1A[2K[1A[2K[1A[2K[G
● Webpack █████████████████████████ building (10%) 0/13 entries 132/133 depend
encies 0/45 modules 44 active 
 ..._modules/.pnpm/@tarojs+runtime@4.2.0/node_modules/@tarojs/runtime/dist/ind
ex.js

[2K[1A[2K[1A[2K[1A[2K[1A[2K[1A[2K[1A[2K[G
● Webpack █████████████████████████ building (10%) 0/13 entries 156/173 depend
encies 6/56 modules 40 active 
 ...@7.29.7/node_modules/@babel/runtime/helpers/esm/objectWithoutPropertiesLoo
se.js

[2K[1A[2K[1A[2K[1A[2K[1A[2K[1A[2K[1A[2K[G
● Webpack █████████████████████████ building (10%) 0/13 entries 181/224 depend
encies 22/66 modules 40 active 
 ...de_modules/.pnpm/@tarojs+runtime@4.2.0/node_modules/@tarojs/runtime/dist/e
nv.js

[2K[1A[2K[1A[2K[1A[2K[1A[2K[1A[2K[1A[2K[G
● Webpack █████████████████████████ building (14%) 1/13 entries 347/412 depend
encies 40/107 modules 60 active 
 ...@babel+runtime@7.29.7/node_modules/@babel/runtime/helpers/esm/setPrototype
Of.js

[2K[1A[2K[1A[2K[1A[2K[1A[2K[1A[2K[1A[2K[G
● Webpack █████████████████████████ building (14%) 1/13 entries 407/458 depend
encies 49/121 modules 71 active 
 ...ime@7.29.7/node_modules/@babel/runtime/helpers/esm/createForOfIteratorHelp
er.js

[2K[1A[2K[1A[2K[1A[2K[1A[2K[1A[2K[1A[2K[G
● Webpack █████████████████████████ building (14%) 1/13 entries 507/507 depend
encies 69/150 modules 81 active 
 .../@babel+runtime@7.29.7/node_modules/@babel/runtime/helpers/esm/superPropBa
se.js

[2K[1A[2K[1A[2K[1A[2K[1A[2K[1A[2K[1A[2K[G
● Webpack █████████████████████████ building (60%) 12/13 entries 551/551 depen
dencies 149/157 modules 8 active 
 ../../node_modules/.pnpm/scheduler@0.23.2/node_modules/scheduler/index.js

[2K[1A[2K[1A[2K[1A[2K[1A[2K[1A[2K[G
● Webpack █████████████████████████ sealing (75%) chunk optimization 
 RemoveEmptyChunksPlugin

[2K[1A[2K[1A[2K[1A[2K[1A[2K[G
● Webpack █████████████████████████ sealing (88%)  
 runtime requirements

[2K[1A[2K[1A[2K[1A[2K[1A[2K[G
● Webpack █████████████████████████ sealing (92%) asset processing 
 CssMinimizerPlugin

[2K[1A[2K[1A[2K[1A[2K[1A[2K[G
● Webpack █████████████████████████ sealing (92%) asset processing 
 RealContentHashPlugin

[2K[1A[2K[1A[2K[1A[2K[1A[2K[G
✔ Webpack
  Compiled successfully in 2.22s

