
● Webpack █████████████████████████  (0%)  
 

[2K[1A[2K[1A[2K[1A[2K[1A[2K[G
● Webpack █████████████████████████ building (10%) 0/13 entries 13/13 dependen
cies 0/13 modules 2 active 
 babel-loader › src/app.tsx

[2K[1A[2K[1A[2K[1A[2K[1A[2K[1A[2K[G
● Webpack █████████████████████████ building (10%) 0/13 entries 23/41 dependen
cies 0/23 modules 14 active 
 taro-loader › src/app.tsx

[2K[1A[2K[1A[2K[1A[2K[1A[2K[1A[2K[G
● Webpack █████████████████████████ building (10%) 0/13 entries 132/133 depend
encies 0/45 modules 43 active 
 ..._modules/.pnpm/@tarojs+runtime@4.2.0/node_modules/@tarojs/runtime/dist/ind
ex.js

[2K[1A[2K[1A[2K[1A[2K[1A[2K[1A[2K[1A[2K[G
● Webpack █████████████████████████ building (10%) 0/13 entries 156/173 depend
encies 6/56 modules 40 active 
 ...bel+runtime@7.29.7/node_modules/@babel/runtime/helpers/esm/arrayWithoutHol
es.js

[2K[1A[2K[1A[2K[1A[2K[1A[2K[1A[2K[1A[2K[G
● Webpack █████████████████████████ building (10%) 0/13 entries 172/223 depend
encies 19/61 modules 42 active 
 ...abel+runtime@7.29.7/node_modules/@babel/runtime/helpers/esm/arrayLikeToArr
ay.js

[2K[1A[2K[1A[2K[1A[2K[1A[2K[1A[2K[1A[2K[G
● Webpack █████████████████████████ building (14%) 1/13 entries 347/412 depend
encies 40/108 modules 60 active 
 ...time@7.29.7/node_modules/@babel/runtime/helpers/esm/isNativeReflectConstru
ct.js

[2K[1A[2K[1A[2K[1A[2K[1A[2K[1A[2K[1A[2K[G
● Webpack █████████████████████████ building (14%) 1/13 entries 430/440 depend
encies 50/124 modules 68 active 
 ...react-reconciler@0.29.0_react@18.3.1/node_modules/react-reconciler/constan
ts.js

[2K[1A[2K[1A[2K[1A[2K[1A[2K[1A[2K[1A[2K[G
● Webpack █████████████████████████ building (14%) 1/13 entries 532/539 depend
encies 110/150 modules 40 active 
 ...act@18.3.1/node_modules/react-reconciler/cjs/react-reconciler.production.m
in.js

[2K[1A[2K[1A[2K[1A[2K[1A[2K[1A[2K[1A[2K[G
● Webpack █████████████████████████ sealing (70%) finish module graph 
 InnerGraphPlugin

[2K[1A[2K[1A[2K[1A[2K[1A[2K[G
● Webpack █████████████████████████ sealing (88%)  
 runtime requirements

[2K[1A[2K[1A[2K[1A[2K[1A[2K[G
● Webpack █████████████████████████ sealing (92%) asset processing 
 CssMinimizerPlugin

[2K[1A[2K[1A[2K[1A[2K[1A[2K[G
● Webpack █████████████████████████ sealing (92%) asset processing 
 RealContentHashPlugin

[2K[1A[2K[1A[2K[1A[2K[1A[2K[G
✔ Webpack
  Compiled successfully in 2.21s

