TAP version 13
# Subtest: preparation persists and serializes on owned PostgreSQL
    # Subtest: twenty concurrent claims produce one durable submitting attempt
    ok 1 - twenty concurrent claims produce one durable submitting attempt
      ---
      duration_ms: 156.769125
      type: 'test'
      ...
    # Subtest: prepayment save does not confirm money and stale failures cannot undo it
    ok 2 - prepayment save does not confirm money and stale failures cannot undo it
      ---
      duration_ms: 11.729667
      type: 'test'
      ...
    # Subtest: resume signs only persisted pending prepayment and rejects cancellation during query
    ok 3 - resume signs only persisted pending prepayment and rejects cancellation during query
      ---
      duration_ms: 65.314541
      type: 'test'
      ...
    # Subtest: unknown outcome cannot be claimed for another submission
    ok 4 - unknown outcome cannot be claimed for another submission
      ---
      duration_ms: 15.906666
      type: 'test'
      ...
    # Subtest: cancellation during channel query blocks prepayment send and retains recovery
    ok 5 - cancellation during channel query blocks prepayment send and retains recovery
      ---
      duration_ms: 17.73975
      type: 'test'
      ...
    # Subtest: wrong binding and inactive intents reject without writes
    ok 6 - wrong binding and inactive intents reject without writes
      ---
      duration_ms: 11.772375
      type: 'test'
      ...
    # Subtest: database constraint rejects prepared state without a reference
    ok 7 - database constraint rejects prepared state without a reference
      ---
      duration_ms: 5.080708
      type: 'test'
      ...
    # Subtest: runner persists submitting before network and prepay before returning
    ok 8 - runner persists submitting before network and prepay before returning
      ---
      duration_ms: 17.541625
      type: 'test'
      ...
    # Subtest: runner timeout leaves unknown and cannot resend
    ok 9 - runner timeout leaves unknown and cannot resend
      ---
      duration_ms: 15.482833
      type: 'test'
      ...
    # Subtest: authorization rejection rolls back before a durable claim
    ok 10 - authorization rejection rolls back before a durable claim
      ---
      duration_ms: 6.920416
      type: 'test'
      ...
    # Subtest: canceled registration and expired hold cannot prepare a payment
    ok 11 - canceled registration and expired hold cannot prepare a payment
      ---
      duration_ms: 15.181
      type: 'test'
      ...
    # Subtest: verified notification triggers query once even for canceled intent and preserves conflict
    ok 12 - verified notification triggers query once even for canceled intent and preserves conflict
      ---
      duration_ms: 124.665
      type: 'test'
      ...
# {"level":30,"time":1790826193007,"pid":70291,"hostname":"Marvins-Mac-mini.local","msg":"Server listening at http://127.0.0.1:59475"}
# {"level":30,"time":1790826193012,"pid":70291,"hostname":"Marvins-Mac-mini.local","reqId":"req-1","req":{"method":"POST","url":"/api/wechat/pay/notify","host":"127.0.0.1:59475","remoteAddress":"127.0.0.1","remotePort":59476},"msg":"incoming request"}
# {"level":30,"time":1790826193015,"pid":70291,"hostname":"Marvins-Mac-mini.local","reqId":"req-1","res":{"statusCode":400},"responseTime":2.150125026702881,"msg":"request completed"}
# {"level":30,"time":1790826193020,"pid":70291,"hostname":"Marvins-Mac-mini.local","reqId":"req-2","req":{"method":"POST","url":"/api/wechat/pay/notify","host":"127.0.0.1:59475","remoteAddress":"127.0.0.1","remotePort":59476},"msg":"incoming request"}
# {"level":30,"time":1790826193033,"pid":70291,"hostname":"Marvins-Mac-mini.local","reqId":"req-2","res":{"statusCode":200},"responseTime":13.688207864761353,"msg":"request completed"}
# {"level":30,"time":1790826193035,"pid":70291,"hostname":"Marvins-Mac-mini.local","reqId":"req-3","req":{"method":"POST","url":"/api/wechat/pay/notify","host":"127.0.0.1:59475","remoteAddress":"127.0.0.1","remotePort":59477},"msg":"incoming request"}
# {"level":30,"time":1790826193043,"pid":70291,"hostname":"Marvins-Mac-mini.local","reqId":"req-3","res":{"statusCode":200},"responseTime":8.025457859039307,"msg":"request completed"}
# {"level":30,"time":1790826193054,"pid":70291,"hostname":"Marvins-Mac-mini.local","reqId":"req-4","req":{"method":"POST","url":"/api/wechat/refund/notify","host":"127.0.0.1:59475","remoteAddress":"127.0.0.1","remotePort":59476},"msg":"incoming request"}
# {"level":30,"time":1790826193063,"pid":70291,"hostname":"Marvins-Mac-mini.local","reqId":"req-4","res":{"statusCode":200},"responseTime":8.229290962219238,"msg":"request completed"}
# {"level":30,"time":1790826193064,"pid":70291,"hostname":"Marvins-Mac-mini.local","reqId":"req-5","req":{"method":"POST","url":"/api/wechat/refund/notify","host":"127.0.0.1:59475","remoteAddress":"127.0.0.1","remotePort":59477},"msg":"incoming request"}
# {"level":30,"time":1790826193070,"pid":70291,"hostname":"Marvins-Mac-mini.local","reqId":"req-5","res":{"statusCode":200},"responseTime":5.64329195022583,"msg":"request completed"}
# {"level":30,"time":1790826193074,"pid":70291,"hostname":"Marvins-Mac-mini.local","reqId":"req-6","req":{"method":"POST","url":"/api/wechat/refund/notify","host":"127.0.0.1:59475","remoteAddress":"127.0.0.1","remotePort":59476},"msg":"incoming request"}
# {"level":30,"time":1790826193082,"pid":70291,"hostname":"Marvins-Mac-mini.local","reqId":"req-6","res":{"statusCode":200},"responseTime":7.877583980560303,"msg":"request completed"}
    # Subtest: signed raw HTTP callback commits V11 trigger and query while tampering writes nothing
    ok 13 - signed raw HTTP callback commits V11 trigger and query while tampering writes nothing
      ---
      duration_ms: 217.073917
      type: 'test'
      ...
    # Subtest: late trusted payment query survives cancellation and concurrent duplicate intake
    ok 14 - late trusted payment query survives cancellation and concurrent duplicate intake
      ---
      duration_ms: 428.507834
      type: 'test'
      ...
    # Subtest: expired lease cannot query and lease loss during query cannot persist
    ok 15 - expired lease cannot query and lease loss during query cannot persist
      ---
      duration_ms: 10.745417
      type: 'test'
      ...
    # Subtest: query handler persists success and escalates conflict under a live lease
    ok 16 - query handler persists success and escalates conflict under a live lease
      ---
      duration_ms: 40.460917
      type: 'test'
      ...
    # Subtest: recovery job identity conflict rolls back the submission claim
    ok 17 - recovery job identity conflict rolls back the submission claim
      ---
      duration_ms: 9.201667
      type: 'test'
      ...
    # Subtest: refund budget rejects invalid components and cross-receipt business key reuse
    ok 18 - refund budget rejects invalid components and cross-receipt business key reuse
      ---
      duration_ms: 28.857667
      type: 'test'
      ...
    1..18
ok 1 - preparation persists and serializes on owned PostgreSQL
  ---
  duration_ms: 1374.049375
  type: 'test'
  ...
1..1
# tests 19
# suites 0
# pass 19
# fail 0
# cancelled 0
# skipped 0
# todo 0
# duration_ms 1552.325542
