
● Webpack █████████████████████████  (0%)  
 

[2K[1A[2K[1A[2K[1A[2K[1A[2K[G
● Webpack █████████████████████████ building (10%) 0/12 entries 12/12 dependen
cies 0/12 modules 1 active 
 babel-loader › src/app.config.ts

[2K[1A[2K[1A[2K[1A[2K[1A[2K[1A[2K[G
● Webpack █████████████████████████ building (10%) 0/12 entries 12/12 dependen
cies 1/12 modules 11 active 
 ...jy4l4xlktq/node_modules/@tarojs/webpack5-runner/dist/template/custom-wrapp
er.js

[2K[1A[2K[1A[2K[1A[2K[1A[2K[1A[2K[1A[2K[G
● Webpack █████████████████████████ building (14%) 1/12 entries 84/117 depende
ncies 1/34 modules 32 active 
 ..._modules/.pnpm/@tarojs+runtime@4.2.0/node_modules/@tarojs/runtime/dist/ind
ex.js

[2K[1A[2K[1A[2K[1A[2K[1A[2K[1A[2K[1A[2K[G
● Webpack █████████████████████████ building (14%) 1/12 entries 85/117 depende
ncies 1/35 modules 34 active 
 css-loader › postcss-loader › src/app.css

[2K[1A[2K[1A[2K[1A[2K[1A[2K[1A[2K[G
● Webpack █████████████████████████ building (14%) 1/12 entries 90/146 depende
ncies 3/36 modules 33 active 
 ...orktrees/fanju-stage0-baseline/饭局/packages/shared/dist/rules/prelaunchCl
ient.js

[2K[1A[2K[1A[2K[1A[2K[1A[2K[1A[2K[1A[2K[G
● Webpack █████████████████████████ building (14%) 1/12 entries 297/380 depend
encies 21/100 modules 76 active 
 ...s/.pnpm/@tarojs+runtime@4.2.0/node_modules/@tarojs/runtime/dist/dom/docume
nt.js

[2K[1A[2K[1A[2K[1A[2K[1A[2K[1A[2K[1A[2K[G
● Webpack █████████████████████████ building (14%) 1/12 entries 402/424 depend
encies 38/118 modules 79 active 
 ...de_modules/.pnpm/@tarojs+shared@4.2.0/node_modules/@tarojs/shared/dist/ind
ex.js

[2K[1A[2K[1A[2K[1A[2K[1A[2K[1A[2K[1A[2K[G
● Webpack █████████████████████████ building (14%) 1/12 entries 516/523 depend
encies 86/148 modules 62 active 
 ...es/.pnpm/@tarojs+shared@4.2.0/node_modules/@tarojs/shared/dist/runtime-hoo
ks.js

[2K[1A[2K[1A[2K[1A[2K[1A[2K[1A[2K[1A[2K[G
● Webpack █████████████████████████ building (60%) 11/12 entries 540/540 depen
dencies 154/158 modules 4 active 
 css-loader › postcss-loader › src/app.css|0|||}}

[2K[1A[2K[1A[2K[1A[2K[1A[2K[1A[2K[G
● Webpack █████████████████████████ sealing (88%)  
 runtime requirements

[2K[1A[2K[1A[2K[1A[2K[1A[2K[G
● Webpack █████████████████████████ sealing (92%) asset processing 
 CssMinimizerPlugin

[2K[1A[2K[1A[2K[1A[2K[1A[2K[G
● Webpack █████████████████████████ sealing (92%) asset processing 
 RealContentHashPlugin

[2K[1A[2K[1A[2K[1A[2K[1A[2K[G
✔ Webpack
  Compiled successfully in 2.25s

