
● Webpack █████████████████████████  (0%)  
 

[2K[1A[2K[1A[2K[1A[2K[1A[2K[G
● Webpack █████████████████████████ building (10%) 0/12 entries 12/12 dependen
cies 0/12 modules 3 active 
 babel-loader › src/pages/home/index.tsx

[2K[1A[2K[1A[2K[1A[2K[1A[2K[1A[2K[G
● Webpack █████████████████████████ building (14%) 1/12 entries 12/14 dependen
cies 1/12 modules 11 active 
 ...jy4l4xlktq/node_modules/@tarojs/webpack5-runner/dist/template/custom-wrapp
er.js

[2K[1A[2K[1A[2K[1A[2K[1A[2K[1A[2K[1A[2K[G
● Webpack █████████████████████████ building (14%) 1/12 entries 66/117 depende
ncies 1/28 modules 26 active 
 ...t@18.3.31_html-we_vt4ev3lwzz5ylk3g7z2nyanff4/node_modules/@tarojs/taro/ind
ex.js

[2K[1A[2K[1A[2K[1A[2K[1A[2K[1A[2K[1A[2K[G
● Webpack █████████████████████████ building (14%) 1/12 entries 90/146 depende
ncies 3/36 modules 33 active 
 ...orktrees/fanju-stage0-baseline/饭局/packages/shared/dist/rules/prelaunchCl
ient.js

[2K[1A[2K[1A[2K[1A[2K[1A[2K[1A[2K[1A[2K[G
● Webpack █████████████████████████ building (14%) 1/12 entries 146/200 depend
encies 7/53 modules 41 active 
 ...de_modules/.pnpm/@tarojs+runtime@4.2.0/node_modules/@tarojs/runtime/dist/e
nv.js

[2K[1A[2K[1A[2K[1A[2K[1A[2K[1A[2K[1A[2K[G
● Webpack █████████████████████████ building (14%) 1/12 entries 311/396 depend
encies 30/104 modules 67 active 
 ...@babel+runtime@7.29.7/node_modules/@babel/runtime/helpers/esm/getPrototype
Of.js

[2K[1A[2K[1A[2K[1A[2K[1A[2K[1A[2K[1A[2K[G
● Webpack █████████████████████████ building (14%) 1/12 entries 384/420 depend
encies 42/117 modules 73 active 
 ...de_modules/.pnpm/@tarojs+shared@4.2.0/node_modules/@tarojs/shared/dist/ind
ex.js

[2K[1A[2K[1A[2K[1A[2K[1A[2K[1A[2K[1A[2K[G
● Webpack █████████████████████████ building (14%) 1/12 entries 469/486 depend
encies 64/134 modules 68 active 
 .../@babel+runtime@7.29.7/node_modules/@babel/runtime/helpers/esm/readOnlyErr
or.js

[2K[1A[2K[1A[2K[1A[2K[1A[2K[1A[2K[1A[2K[G
● Webpack █████████████████████████ building (14%) 1/12 entries 493/518 depend
encies 76/148 modules 72 active 
 .../node_modules/.pnpm/@tarojs+shared@4.2.0/node_modules/@tarojs/shared/dist/
is.js

[2K[1A[2K[1A[2K[1A[2K[1A[2K[1A[2K[1A[2K[G
● Webpack █████████████████████████ building (60%) 11/12 entries 540/540 depen
dencies 154/158 modules 4 active 
 css-loader › postcss-loader › src/app.css|0|||}}

[2K[1A[2K[1A[2K[1A[2K[1A[2K[1A[2K[G
● Webpack █████████████████████████ sealing (88%)  
 runtime requirements

[2K[1A[2K[1A[2K[1A[2K[1A[2K[G
● Webpack █████████████████████████ sealing (92%) asset processing 
 CssMinimizerPlugin

[2K[1A[2K[1A[2K[1A[2K[1A[2K[G
● Webpack █████████████████████████ sealing (92%) asset processing 
 RealContentHashPlugin

[2K[1A[2K[1A[2K[1A[2K[1A[2K[G
✔ Webpack
  Compiled successfully in 2.11s

