
● Webpack █████████████████████████  (0%)  
 

[2K[1A[2K[1A[2K[1A[2K[1A[2K[G
● Webpack █████████████████████████ building (10%) 0/12 entries 12/12 dependen
cies 0/12 modules 1 active 
 babel-loader › src/app.config.ts

[2K[1A[2K[1A[2K[1A[2K[1A[2K[1A[2K[G
● Webpack █████████████████████████ building (14%) 1/12 entries 12/35 dependen
cies 1/12 modules 11 active 
 ...jy4l4xlktq/node_modules/@tarojs/webpack5-runner/dist/template/custom-wrapp
er.js

[2K[1A[2K[1A[2K[1A[2K[1A[2K[1A[2K[1A[2K[G
● Webpack █████████████████████████ building (14%)  
 ....96_esbuild@_x7kzigfqbs57njkoepaeoxy3su/node_modules/postcss-loader/dist/c
js.js

[2K[1A[2K[1A[2K[1A[2K[1A[2K[1A[2K[G
● Webpack █████████████████████████ building (14%) 1/12 entries 73/118 depende
ncies 1/33 modules 30 active 
 ...@tarojs+shared@4.2.0/node_modules/@tarojs/plugin-platform-weapp/dist/runti
me.js

[2K[1A[2K[1A[2K[1A[2K[1A[2K[1A[2K[1A[2K[G
● Webpack █████████████████████████ building (14%) 1/12 entries 129/132 depend
encies 2/44 modules 36 active 
 ...pm/@babel+runtime@7.29.7/node_modules/@babel/runtime/helpers/esm/regenerat
or.js

[2K[1A[2K[1A[2K[1A[2K[1A[2K[1A[2K[1A[2K[G
● Webpack █████████████████████████ building (14%) 1/12 entries 133/146 depend
encies 4/47 modules 42 active 
 .../node_modules/.pnpm/react@18.3.1/node_modules/react/cjs/react.production.m
in.js

[2K[1A[2K[1A[2K[1A[2K[1A[2K[1A[2K[1A[2K[G
● Webpack █████████████████████████ building (14%) 1/12 entries 262/396 depend
encies 34/97 modules 63 active 
 ....pnpm/@tarojs+runtime@4.2.0/node_modules/@tarojs/runtime/dist/polyfill/ind
ex.js

[2K[1A[2K[1A[2K[1A[2K[1A[2K[1A[2K[1A[2K[G
● Webpack █████████████████████████ building (14%) 1/12 entries 385/426 depend
encies 51/121 modules 66 active 
 ...ime@7.29.7/node_modules/@babel/runtime/helpers/esm/createForOfIteratorHelp
er.js

[2K[1A[2K[1A[2K[1A[2K[1A[2K[1A[2K[1A[2K[G
● Webpack █████████████████████████ building (14%) 1/12 entries 482/482 depend
encies 68/139 modules 71 active 
 .../@babel+runtime@7.29.7/node_modules/@babel/runtime/helpers/esm/superPropBa
se.js

[2K[1A[2K[1A[2K[1A[2K[1A[2K[1A[2K[1A[2K[G
● Webpack █████████████████████████ building (14%) 1/12 entries 513/523 depend
encies 85/148 modules 63 active 
 ...es/.pnpm/@tarojs+shared@4.2.0/node_modules/@tarojs/shared/dist/runtime-hoo
ks.js

[2K[1A[2K[1A[2K[1A[2K[1A[2K[1A[2K[1A[2K[G
● Webpack █████████████████████████ building (60%) 11/12 entries 540/540 depen
dencies 154/158 modules 4 active 
 css-loader › postcss-loader › src/app.css|0|||}}

[2K[1A[2K[1A[2K[1A[2K[1A[2K[1A[2K[G
● Webpack █████████████████████████ sealing (88%)  
 runtime requirements

[2K[1A[2K[1A[2K[1A[2K[1A[2K[G
● Webpack █████████████████████████ sealing (92%) asset processing 
 CssMinimizerPlugin

[2K[1A[2K[1A[2K[1A[2K[1A[2K[G
● Webpack █████████████████████████ sealing (92%) asset processing 
 RealContentHashPlugin

[2K[1A[2K[1A[2K[1A[2K[1A[2K[G
✔ Webpack
  Compiled successfully in 2.08s

