
● Webpack █████████████████████████  (0%)  
 

[2K[1A[2K[1A[2K[1A[2K[1A[2K[G
● Webpack █████████████████████████ building (10%) 0/13 entries 13/13 dependen
cies 0/13 modules 1 active 
 babel-loader › src/app.config.ts

[2K[1A[2K[1A[2K[1A[2K[1A[2K[1A[2K[G
● Webpack █████████████████████████ building (14%) 1/13 entries 13/13 dependen
cies 1/13 modules 12 active 
 ...jy4l4xlktq/node_modules/@tarojs/webpack5-runner/dist/template/custom-wrapp
er.js

[2K[1A[2K[1A[2K[1A[2K[1A[2K[1A[2K[1A[2K[G
● Webpack █████████████████████████ building (14%) 1/13 entries 36/132 depende
ncies 1/27 modules 23 active 
 babel-loader › src/api.ts

[2K[1A[2K[1A[2K[1A[2K[1A[2K[1A[2K[G
● Webpack █████████████████████████ building (14%) 1/13 entries 80/133 depende
ncies 1/34 modules 31 active 
 ...@tarojs+shared@4.2.0/node_modules/@tarojs/plugin-platform-weapp/dist/runti
me.js

[2K[1A[2K[1A[2K[1A[2K[1A[2K[1A[2K[1A[2K[G
● Webpack █████████████████████████ building (14%) 1/13 entries 144/152 depend
encies 3/47 modules 37 active 
 ...pm/@babel+runtime@7.29.7/node_modules/@babel/runtime/helpers/esm/regenerat
or.js

[2K[1A[2K[1A[2K[1A[2K[1A[2K[1A[2K[1A[2K[G
● Webpack █████████████████████████ building (14%) 1/13 entries 168/220 depend
encies 12/60 modules 39 active 
 ...bel+runtime@7.29.7/node_modules/@babel/runtime/helpers/esm/regeneratorDefi
ne.js

[2K[1A[2K[1A[2K[1A[2K[1A[2K[1A[2K[1A[2K[G
● Webpack █████████████████████████ building (14%) 1/13 entries 279/411 depend
encies 33/99 modules 66 active 
 ....pnpm/@babel+runtime@7.29.7/node_modules/@babel/runtime/helpers/esm/inheri
ts.js

[2K[1A[2K[1A[2K[1A[2K[1A[2K[1A[2K[1A[2K[G
● Webpack █████████████████████████ building (14%) 1/13 entries 401/439 depend
encies 48/123 modules 71 active 
 ...ime@7.29.7/node_modules/@babel/runtime/helpers/esm/createForOfIteratorHelp
er.js

[2K[1A[2K[1A[2K[1A[2K[1A[2K[1A[2K[1A[2K[G
● Webpack █████████████████████████ building (14%) 1/13 entries 499/510 depend
encies 72/141 modules 69 active 
 ...arojs+runtime@4.2.0_@tarojs+shared@4.2.0/node_modules/@tarojs/api/dist/ind
ex.js

[2K[1A[2K[1A[2K[1A[2K[1A[2K[1A[2K[1A[2K[G
● Webpack █████████████████████████ building (18%) 2/13 entries 531/538 depend
encies 120/150 modules 30 active 
 ...arojs+runtime@4.2.0_@tarojs+shared@4.2.0/node_modules/@tarojs/api/dist/ind
ex.js

[2K[1A[2K[1A[2K[1A[2K[1A[2K[1A[2K[1A[2K[G
● Webpack █████████████████████████ sealing (70%)  
 finish module graph

[2K[1A[2K[1A[2K[1A[2K[1A[2K[G
● Webpack █████████████████████████ sealing (88%)  
 runtime requirements

[2K[1A[2K[1A[2K[1A[2K[1A[2K[G
● Webpack █████████████████████████ sealing (92%) asset processing 
 CssMinimizerPlugin

[2K[1A[2K[1A[2K[1A[2K[1A[2K[G
● Webpack █████████████████████████ sealing (92%) asset processing 
 RealContentHashPlugin

[2K[1A[2K[1A[2K[1A[2K[1A[2K[G
✔ Webpack
  Compiled successfully in 2.17s

