TAP version 13
# Subtest: owned HTTP app and real PostgreSQL aftersales preserve rights, budgets, reviewer identities and immutable snapshots
    # Subtest: HTTP readiness, authenticated profile, strict input, roles, token revocation and no private response
    ok 1 - HTTP readiness, authenticated profile, strict input, roles, token revocation and no private response
      ---
      duration_ms: 434.341458
      type: 'test'
      ...
    # Subtest: normal fulfillment schedules D once, preserves F, and can be read repeatedly
    ok 2 - normal fulfillment schedules D once, preserves F, and can be read repeatedly
      ---
      duration_ms: 130.607584
      type: 'test'
      ...
    # Subtest: two rounds retain explanation and require a different final reviewer person
    ok 3 - two rounds retain explanation and require a different final reviewer person
      ---
      duration_ms: 176.847541
      type: 'test'
      ...
    # Subtest: core restaurant change rejection preserves snapshot and separately records unresolved compensation
    ok 4 - core restaurant change rejection preserves snapshot and separately records unresolved compensation
      ---
      duration_ms: 67.321084
      type: 'test'
      ...
    # Subtest: privacy export excludes direct identifiers, closure retains obligations and original money facts
    ok 5 - privacy export excludes direct identifiers, closure retains obligations and original money facts
      ---
      duration_ms: 78.783
      type: 'test'
      ...
    # Subtest: 20 competing refunds serialize component budgets and channel original-trade budget independently
    ok 6 - 20 competing refunds serialize component budgets and channel original-trade budget independently
      ---
      duration_ms: 121.311
      type: 'test'
      ...
    # Subtest: A lease expiration B completion fences old A finish and retry
    ok 7 - A lease expiration B completion fences old A finish and retry
      ---
      duration_ms: 9.942459
      type: 'test'
      ...
    1..7
ok 1 - owned HTTP app and real PostgreSQL aftersales preserve rights, budgets, reviewer identities and immutable snapshots
  ---
  duration_ms: 1347.389375
  type: 'test'
  ...
# Subtest: formal identity onboarding uses verified sessions and serializes real PostgreSQL bindings
    # Subtest: unauthenticated onboarding creates no binding
    ok 1 - unauthenticated onboarding creates no binding
      ---
      duration_ms: 15.777125
      type: 'test'
      ...
    # Subtest: 20 authenticated attempts produce one actor and one audit without privileged request hints
    ok 2 - 20 authenticated attempts produce one actor and one audit without privileged request hints
      ---
      duration_ms: 82.134875
      type: 'test'
      ...
    # Subtest: blacklisted user retains authenticated identity access
    ok 3 - blacklisted user retains authenticated identity access
      ---
      duration_ms: 1.777542
      type: 'test'
      ...
    # Subtest: disabled actor is not re-enabled by onboarding and does not receive a new binding
    ok 4 - disabled actor is not re-enabled by onboarding and does not receive a new binding
      ---
      duration_ms: 7.128417
      type: 'test'
      ...
    # Subtest: ambiguous historical mappings reject rather than merge or choose an arbitrary actor
    ok 5 - ambiguous historical mappings reject rather than merge or choose an arbitrary actor
      ---
      duration_ms: 4.578333
      type: 'test'
      ...
    1..5
ok 2 - formal identity onboarding uses verified sessions and serializes real PostgreSQL bindings
  ---
  duration_ms: 278.521583
  type: 'test'
  ...
1..2
# tests 14
# suites 0
# pass 14
# fail 0
# cancelled 0
# skipped 0
# todo 0
# duration_ms 1893.402459
