TAP version 13
# Subtest: verified bill snapshot detects both directions without granting financial state
    # Subtest: forged copied provenance and changed raw bytes fail before database writes
    ok 1 - forged copied provenance and changed raw bytes fail before database writes
      ---
      duration_ms: 5.189292
      type: 'test'
      ...
    # Subtest: concurrent replay persists one snapshot, evidence, cases and query-only jobs
    ok 2 - concurrent replay persists one snapshot, evidence, cases and query-only jobs
      ---
      duration_ms: 144.814209
      type: 'test'
      ...
    # Subtest: a run UUID cannot be reused for a changed owner or release
    ok 3 - a run UUID cannot be reused for a changed owner or release
      ---
      duration_ms: 13.013333
      type: 'test'
      ...
    # Subtest: signed but malformed summary has no partial intake or audit
    ok 4 - signed but malformed summary has no partial intake or audit
      ---
      duration_ms: 6.610625
      type: 'test'
      ...
    # Subtest: a newer empty bill detects local receipts instead of declaring zero differences
    ok 5 - a newer empty bill detects local receipts instead of declaring zero differences
      ---
      duration_ms: 40.390291
      type: 'test'
      ...
    # Subtest: a persisted evidence conflict rolls back all earlier event and job writes
    ok 6 - a persisted evidence conflict rolls back all earlier event and job writes
      ---
      duration_ms: 45.158583
      type: 'test'
      ...
    # Subtest: conflicting gross amounts remain independent evidence without overwriting money
    ok 7 - conflicting gross amounts remain independent evidence without overwriting money
      ---
      duration_ms: 70.014875
      type: 'test'
      ...
    # Subtest: new snapshot can observe resolution without automatically closing old cases
    ok 8 - new snapshot can observe resolution without automatically closing old cases
      ---
      duration_ms: 61.976583
      type: 'test'
      ...
    # Subtest: trusted completion time exposes local refunds absent from the selected bill
    ok 9 - trusted completion time exposes local refunds absent from the selected bill
      ---
      duration_ms: 206.54475
      type: 'test'
      ...
    # Subtest: requested range finds the missing day from actual committed audit ordinals without writes
    ok 10 - requested range finds the missing day from actual committed audit ordinals without writes
      ---
      duration_ms: 14.253916
      type: 'test'
      ...
    # Subtest: range inspection pages actual audit history and keeps late-page conflicts blocking
    ok 11 - range inspection pages actual audit history and keeps late-page conflicts blocking
      ---
      duration_ms: 134.510417
      type: 'test'
      ...
    # Subtest: daily recovery uses committed audit and rejects changed identity without downloads
    ok 12 - daily recovery uses committed audit and rejects changed identity without downloads
      ---
      duration_ms: 17.527209
      type: 'test'
      ...
    # Subtest: bounded range restart consumes committed daily snapshots without duplicate downloads
    ok 13 - bounded range restart consumes committed daily snapshots without duplicate downloads
      ---
      duration_ms: 40.749583
      type: 'test'
      ...
    # Subtest: shared core phases use the entire verified bill for reverse checks and reject forged contexts
    ok 14 - shared core phases use the entire verified bill for reverse checks and reject forged contexts
      ---
      duration_ms: 26.836583
      type: 'test'
      ...
    # Subtest: persistent snapshot pins identity and restores original facts after later channel records
    ok 15 - persistent snapshot pins identity and restores original facts after later channel records
      ---
      duration_ms: 441.340125
      type: 'test'
      ...
    # Subtest: checkpoint commit is idempotent, immutable and verifies case/event/query evidence
    ok 16 - checkpoint commit is idempotent, immutable and verifies case/event/query evidence
      ---
      duration_ms: 501.011208
      type: 'test'
      ...
    # Subtest: paged finalization requires complete ranges and preserves full comparison counts and recovery
    ok 17 - paged finalization requires complete ranges and preserves full comparison counts and recovery
      ---
      duration_ms: 2512.797666
      type: 'test'
      ...
    # Subtest: zero forward rows still compare recorded funds and never treat missing pages as an empty day
    ok 18 - zero forward rows still compare recorded funds and never treat missing pages as an empty day
      ---
      duration_ms: 127.534041
      type: 'test'
      ...
    # Subtest: resumable CLI service creates paged runs and only replays committed legacy evidence
    ok 19 - resumable CLI service creates paged runs and only replays committed legacy evidence
      ---
      duration_ms: 98.398583
      type: 'test'
      ...
    # Subtest: SIGKILL before and after page commit preserves atomic progress and fresh-process recovery
    ok 20 - SIGKILL before and after page commit preserves atomic progress and fresh-process recovery
      ---
      duration_ms: 1359.425084
      type: 'test'
      ...
    # Subtest: actual daily and range CLI processes use durable pages and resume without channel calls
    ok 21 - actual daily and range CLI processes use durable pages and resume without channel calls
      ---
      duration_ms: 1423.151542
      type: 'test'
      ...
    # Subtest: checkpoint insert failure rolls back page observations, cases and durable queries
    ok 22 - checkpoint insert failure rolls back page observations, cases and durable queries
      ---
      duration_ms: 75.882
      type: 'test'
      ...
    # Subtest: range task pins scope and persists failed dates across retries
    ok 23 - range task pins scope and persists failed dates across retries
      ---
      duration_ms: 45.005125
      type: 'test'
      ...
    1..23
ok 1 - verified bill snapshot detects both directions without granting financial state
  ---
  duration_ms: 7584.722
  type: 'test'
  ...
1..1
# tests 24
# suites 0
# pass 24
# fail 0
# cancelled 0
# skipped 0
# todo 0
# duration_ms 7721.636542
