TAP version 13
# Subtest: BR38 RB11 PRE027 native morning activity normal fulfillment schedules exact next Shanghai day D only and channel confirmation remains separate
ok 1 - BR38 RB11 PRE027 native morning activity normal fulfillment schedules exact next Shanghai day D only and channel confirmation remains separate
  ---
  duration_ms: 389.028583
  type: 'test'
  ...
# Subtest: BR38 RB11 PRE027 native cross Shanghai midnight normal fulfillment schedules exact next Shanghai day D only and channel confirmation remains separate
ok 2 - BR38 RB11 PRE027 native cross Shanghai midnight normal fulfillment schedules exact next Shanghai day D only and channel confirmation remains separate
  ---
  duration_ms: 206.635542
  type: 'test'
  ...
# Subtest: BR39 native next-day scan without restaurant confirmation creates operational todo without automatic refund or violation
ok 3 - BR39 native next-day scan without restaurant confirmation creates operational todo without automatic refund or violation
  ---
  duration_ms: 83.279375
  type: 'test'
  ...
# Subtest: BR46 BR47 native special REFUND_D respects legal scope and original formed T25 facts at later T20 review
ok 4 - BR46 BR47 native special REFUND_D respects legal scope and original formed T25 facts at later T20 review
  ---
  duration_ms: 229.808958
  type: 'test'
  ...
# Subtest: BR46 BR47 native special REFUND_FD respects legal scope and original formed T25 facts at later T20 review
ok 5 - BR46 BR47 native special REFUND_FD respects legal scope and original formed T25 facts at later T20 review
  ---
  duration_ms: 240.572
  type: 'test'
  ...
# Subtest: BR46 BR47 native special REJECT respects legal scope and original formed T25 facts at later T20 review
ok 6 - BR46 BR47 native special REJECT respects legal scope and original formed T25 facts at later T20 review
  ---
  duration_ms: 183.899667
  type: 'test'
  ...
# Subtest: BR53 RB11 native approval before Shanghai midnight schedules next day without an extra calendar day
ok 7 - BR53 RB11 native approval before Shanghai midnight schedules next day without an extra calendar day
  ---
  duration_ms: 57.033458
  type: 'test'
  ...
# Subtest: BR64 PRE030 native CREATED or SENT without received proof cannot start adverse worker clock or deduct D
ok 8 - BR64 PRE030 native CREATED or SENT without received proof cannot start adverse worker clock or deduct D
  ---
  duration_ms: 89.660042
  type: 'test'
  ...
# Subtest: preparation persists and serializes on owned PostgreSQL
    # Subtest: twenty concurrent claims produce one durable submitting attempt
    ok 1 - twenty concurrent claims produce one durable submitting attempt
      ---
      duration_ms: 151.140375
      type: 'test'
      ...
    # Subtest: prepayment save does not confirm money and stale failures cannot undo it
    ok 2 - prepayment save does not confirm money and stale failures cannot undo it
      ---
      duration_ms: 10.078541
      type: 'test'
      ...
    # Subtest: unknown outcome cannot be claimed for another submission
    ok 3 - unknown outcome cannot be claimed for another submission
      ---
      duration_ms: 21.406791
      type: 'test'
      ...
    # Subtest: wrong binding and inactive intents reject without writes
    ok 4 - wrong binding and inactive intents reject without writes
      ---
      duration_ms: 14.295125
      type: 'test'
      ...
    # Subtest: database constraint rejects prepared state without a reference
    ok 5 - database constraint rejects prepared state without a reference
      ---
      duration_ms: 6.19125
      type: 'test'
      ...
    # Subtest: runner persists submitting before network and prepay before returning
    ok 6 - runner persists submitting before network and prepay before returning
      ---
      duration_ms: 18.329834
      type: 'test'
      ...
    # Subtest: runner timeout leaves unknown and cannot resend
    ok 7 - runner timeout leaves unknown and cannot resend
      ---
      duration_ms: 16.037625
      type: 'test'
      ...
    # Subtest: authorization rejection rolls back before a durable claim
    ok 8 - authorization rejection rolls back before a durable claim
      ---
      duration_ms: 7.353083
      type: 'test'
      ...
    # Subtest: canceled registration and expired hold cannot prepare a payment
    ok 9 - canceled registration and expired hold cannot prepare a payment
      ---
      duration_ms: 16.630333
      type: 'test'
      ...
    # Subtest: late trusted payment query survives cancellation and concurrent duplicate intake
    ok 10 - late trusted payment query survives cancellation and concurrent duplicate intake
      ---
      duration_ms: 368.376791
      type: 'test'
      ...
    # Subtest: expired lease cannot query and lease loss during query cannot persist
    ok 11 - expired lease cannot query and lease loss during query cannot persist
      ---
      duration_ms: 12.787958
      type: 'test'
      ...
    # Subtest: query handler persists success and escalates conflict under a live lease
    ok 12 - query handler persists success and escalates conflict under a live lease
      ---
      duration_ms: 43.954333
      type: 'test'
      ...
    # Subtest: recovery job identity conflict rolls back the submission claim
    ok 13 - recovery job identity conflict rolls back the submission claim
      ---
      duration_ms: 9.008375
      type: 'test'
      ...
    # Subtest: refund budget rejects invalid components and cross-receipt business key reuse
    ok 14 - refund budget rejects invalid components and cross-receipt business key reuse
      ---
      duration_ms: 32.074667
      type: 'test'
      ...
    1..14
ok 9 - preparation persists and serializes on owned PostgreSQL
  ---
  duration_ms: 894.452875
  type: 'test'
  ...
1..9
# tests 23
# suites 0
# pass 23
# fail 0
# cancelled 0
# skipped 0
# todo 0
# duration_ms 2719.560084
