
● Webpack █████████████████████████  (0%)  
 

[2K[1A[2K[1A[2K[1A[2K[1A[2K[G
● Webpack █████████████████████████ building (10%) 0/12 entries 12/12 dependen
cies 0/12 modules 1 active 
 babel-loader › src/app.config.ts

[2K[1A[2K[1A[2K[1A[2K[1A[2K[1A[2K[G
● Webpack █████████████████████████ building (14%) 1/12 entries 12/12 dependen
cies 1/12 modules 11 active 
 ...jy4l4xlktq/node_modules/@tarojs/webpack5-runner/dist/template/custom-wrapp
er.js

[2K[1A[2K[1A[2K[1A[2K[1A[2K[1A[2K[1A[2K[G
● Webpack █████████████████████████ building (14%) 1/12 entries 28/117 depende
ncies 1/22 modules 21 active 
 babel-loader › src/api.ts

[2K[1A[2K[1A[2K[1A[2K[1A[2K[1A[2K[G
● Webpack █████████████████████████ building (14%) 1/12 entries 62/117 depende
ncies 1/30 modules 28 active 
 css-loader › postcss-loader › src/app.css

[2K[1A[2K[1A[2K[1A[2K[1A[2K[1A[2K[G
● Webpack █████████████████████████ building (14%) 1/12 entries 130/146 depend
encies 3/44 modules 35 active 
 ...pm/@babel+runtime@7.29.7/node_modules/@babel/runtime/helpers/esm/regenerat
or.js

[2K[1A[2K[1A[2K[1A[2K[1A[2K[1A[2K[1A[2K[G
● Webpack █████████████████████████ building (14%) 1/12 entries 269/396 depend
encies 34/101 modules 63 active 
 ....pnpm/@tarojs+runtime@4.2.0/node_modules/@tarojs/runtime/dist/polyfill/ind
ex.js

[2K[1A[2K[1A[2K[1A[2K[1A[2K[1A[2K[1A[2K[G
● Webpack █████████████████████████ building (14%) 1/12 entries 359/422 depend
encies 48/116 modules 68 active 
 ...npm/react-reconciler@0.29.0_react@18.3.1/node_modules/react-reconciler/ind
ex.js

[2K[1A[2K[1A[2K[1A[2K[1A[2K[1A[2K[1A[2K[G
● Webpack █████████████████████████ building (14%) 1/12 entries 484/495 depend
encies 71/139 modules 68 active 
 ...ge0-baseline/饭局/node_modules/.pnpm/tslib@2.8.1/node_modules/tslib/tslib.
es6.mjs

[2K[1A[2K[1A[2K[1A[2K[1A[2K[1A[2K[1A[2K[G
● Webpack █████████████████████████ building (23%) 3/12 entries 526/529 depend
encies 124/152 modules 28 active 
 ...e@4.2.0_@tarojs+shared@4.2.0/node_modules/@tarojs/api/dist/interceptor/ind
ex.js

[2K[1A[2K[1A[2K[1A[2K[1A[2K[1A[2K[1A[2K[G
● Webpack █████████████████████████ sealing (73%)  
 after chunk graph

[2K[1A[2K[1A[2K[1A[2K[1A[2K[G
● Webpack █████████████████████████ sealing (88%)  
 runtime requirements

[2K[1A[2K[1A[2K[1A[2K[1A[2K[G
● Webpack █████████████████████████ sealing (92%) asset processing 
 CssMinimizerPlugin

[2K[1A[2K[1A[2K[1A[2K[1A[2K[G
● Webpack █████████████████████████ sealing (92%) asset processing 
 RealContentHashPlugin

[2K[1A[2K[1A[2K[1A[2K[1A[2K[G
✔ Webpack
  Compiled successfully in 2.08s

