
● Webpack █████████████████████████  (0%)  
 

[2K[1A[2K[1A[2K[1A[2K[1A[2K[G
● Webpack █████████████████████████ building (10%) 0/13 entries 13/13 dependen
cies 0/13 modules 1 active 
 babel-loader › src/app.config.ts

[2K[1A[2K[1A[2K[1A[2K[1A[2K[1A[2K[G
● Webpack █████████████████████████ building (10%) 0/13 entries 13/13 dependen
cies 1/13 modules 12 active 
 ...jy4l4xlktq/node_modules/@tarojs/webpack5-runner/dist/template/custom-wrapp
er.js

[2K[1A[2K[1A[2K[1A[2K[1A[2K[1A[2K[1A[2K[G
● Webpack █████████████████████████ building (14%) 1/13 entries 52/132 depende
ncies 1/28 modules 23 active 
 ...sy2epqwxvpgz3rkhxou/node_modules/@tarojs/plugin-framework-react/dist/runti
me.js

[2K[1A[2K[1A[2K[1A[2K[1A[2K[1A[2K[1A[2K[G
● Webpack █████████████████████████ building (14%) 1/13 entries 98/158 depende
ncies 3/38 modules 35 active 
 ...orktrees/fanju-stage0-baseline/饭局/packages/shared/dist/rules/prelaunchCl
ient.js

[2K[1A[2K[1A[2K[1A[2K[1A[2K[1A[2K[1A[2K[G
● Webpack █████████████████████████ building (14%) 1/13 entries 154/206 depend
encies 6/50 modules 44 active 
 ...s/.pnpm/@babel+runtime@7.29.7/node_modules/@babel/runtime/helpers/esm/type
of.js

[2K[1A[2K[1A[2K[1A[2K[1A[2K[1A[2K[1A[2K[G
● Webpack █████████████████████████ building (14%) 1/13 entries 326/411 depend
encies 30/105 modules 69 active 
 ...@babel+runtime@7.29.7/node_modules/@babel/runtime/helpers/esm/setPrototype
Of.js

[2K[1A[2K[1A[2K[1A[2K[1A[2K[1A[2K[1A[2K[G
● Webpack █████████████████████████ building (14%) 1/13 entries 417/431 depend
encies 41/121 modules 79 active 
 ...ime@7.29.7/node_modules/@babel/runtime/helpers/esm/createForOfIteratorHelp
er.js

[2K[1A[2K[1A[2K[1A[2K[1A[2K[1A[2K[1A[2K[G
● Webpack █████████████████████████ building (14%) 1/13 entries 531/533 depend
encies 85/150 modules 65 active 
 ...ules/.pnpm/@tarojs+shared@4.2.0/node_modules/@tarojs/shared/dist/native-ap
is.js

[2K[1A[2K[1A[2K[1A[2K[1A[2K[1A[2K[1A[2K[G
● Webpack █████████████████████████ building (60%) 12/13 entries 555/555 depen
dencies 156/160 modules 4 active 
 css-loader › postcss-loader › src/app.css|0|||}}

[2K[1A[2K[1A[2K[1A[2K[1A[2K[1A[2K[G
● Webpack █████████████████████████ sealing (88%)  
 runtime requirements

[2K[1A[2K[1A[2K[1A[2K[1A[2K[G
● Webpack █████████████████████████ sealing (92%) asset processing 
 CssMinimizerPlugin

[2K[1A[2K[1A[2K[1A[2K[1A[2K[G
● Webpack █████████████████████████ sealing (92%) asset processing 
 RealContentHashPlugin

[2K[1A[2K[1A[2K[1A[2K[1A[2K[G
✔ Webpack
  Compiled successfully in 2.21s

